Archive member included to satisfy reference by file (symbol)

c:/progra~2/gnuarm~1/102020~1/bin/../lib/gcc/arm-none-eabi/10.2.1/../../../../arm-none-eabi/lib/thumb/v7e-m/nofp\libg.a(lib_a-errno.o)
                              CMakeFiles/GPSLogger2.elf.dir/Core/Src/syscalls.c.obj (__errno)
c:/progra~2/gnuarm~1/102020~1/bin/../lib/gcc/arm-none-eabi/10.2.1/../../../../arm-none-eabi/lib/thumb/v7e-m/nofp\libg.a(lib_a-exit.o)
                              c:/progra~2/gnuarm~1/102020~1/bin/../lib/gcc/arm-none-eabi/10.2.1/../../../../arm-none-eabi/lib/thumb/v7e-m/nofp/crt0.o (exit)
c:/progra~2/gnuarm~1/102020~1/bin/../lib/gcc/arm-none-eabi/10.2.1/../../../../arm-none-eabi/lib/thumb/v7e-m/nofp\libg.a(lib_a-impure.o)
                              c:/progra~2/gnuarm~1/102020~1/bin/../lib/gcc/arm-none-eabi/10.2.1/../../../../arm-none-eabi/lib/thumb/v7e-m/nofp\libg.a(lib_a-exit.o) (_global_impure_ptr)
c:/progra~2/gnuarm~1/102020~1/bin/../lib/gcc/arm-none-eabi/10.2.1/../../../../arm-none-eabi/lib/thumb/v7e-m/nofp\libg.a(lib_a-init.o)
                              c:/progra~2/gnuarm~1/102020~1/bin/../lib/gcc/arm-none-eabi/10.2.1/../../../../arm-none-eabi/lib/thumb/v7e-m/nofp/crt0.o (__libc_init_array)
c:/progra~2/gnuarm~1/102020~1/bin/../lib/gcc/arm-none-eabi/10.2.1/../../../../arm-none-eabi/lib/thumb/v7e-m/nofp\libg.a(lib_a-memcpy.o)
                              CMakeFiles/GPSLogger2.elf.dir/Core/Src/main.c.obj (memcpy)
c:/progra~2/gnuarm~1/102020~1/bin/../lib/gcc/arm-none-eabi/10.2.1/../../../../arm-none-eabi/lib/thumb/v7e-m/nofp\libg.a(lib_a-memset.o)
                              c:/progra~2/gnuarm~1/102020~1/bin/../lib/gcc/arm-none-eabi/10.2.1/../../../../arm-none-eabi/lib/thumb/v7e-m/nofp/crt0.o (memset)
c:/progra~2/gnuarm~1/102020~1/bin/../lib/gcc/arm-none-eabi/10.2.1/../../../../arm-none-eabi/lib/thumb/v7e-m/nofp\libg.a(lib_a-__call_atexit.o)
                              c:/progra~2/gnuarm~1/102020~1/bin/../lib/gcc/arm-none-eabi/10.2.1/../../../../arm-none-eabi/lib/thumb/v7e-m/nofp\libg.a(lib_a-exit.o) (__call_exitprocs)
c:/progra~2/gnuarm~1/102020~1/bin/../lib/gcc/arm-none-eabi/10.2.1/../../../../arm-none-eabi/lib/thumb/v7e-m/nofp\libg.a(lib_a-atexit.o)
                              c:/progra~2/gnuarm~1/102020~1/bin/../lib/gcc/arm-none-eabi/10.2.1/../../../../arm-none-eabi/lib/thumb/v7e-m/nofp\libg.a(lib_a-__call_atexit.o) (atexit)
c:/progra~2/gnuarm~1/102020~1/bin/../lib/gcc/arm-none-eabi/10.2.1/../../../../arm-none-eabi/lib/thumb/v7e-m/nofp\libg.a(lib_a-fini.o)
                              c:/progra~2/gnuarm~1/102020~1/bin/../lib/gcc/arm-none-eabi/10.2.1/../../../../arm-none-eabi/lib/thumb/v7e-m/nofp\libg.a(lib_a-__call_atexit.o) (__libc_fini_array)
c:/progra~2/gnuarm~1/102020~1/bin/../lib/gcc/arm-none-eabi/10.2.1/../../../../arm-none-eabi/lib/thumb/v7e-m/nofp\libg.a(lib_a-lock.o)
                              c:/progra~2/gnuarm~1/102020~1/bin/../lib/gcc/arm-none-eabi/10.2.1/../../../../arm-none-eabi/lib/thumb/v7e-m/nofp\libg.a(lib_a-__call_atexit.o) (__retarget_lock_acquire_recursive)
c:/progra~2/gnuarm~1/102020~1/bin/../lib/gcc/arm-none-eabi/10.2.1/../../../../arm-none-eabi/lib/thumb/v7e-m/nofp\libg.a(lib_a-__atexit.o)
                              c:/progra~2/gnuarm~1/102020~1/bin/../lib/gcc/arm-none-eabi/10.2.1/../../../../arm-none-eabi/lib/thumb/v7e-m/nofp\libg.a(lib_a-atexit.o) (__register_exitproc)

Discarded input sections

 .text          0x00000000        0x0 c:/progra~2/gnuarm~1/102020~1/bin/../lib/gcc/arm-none-eabi/10.2.1/thumb/v7e-m/nofp/crti.o
 .data          0x00000000        0x0 c:/progra~2/gnuarm~1/102020~1/bin/../lib/gcc/arm-none-eabi/10.2.1/thumb/v7e-m/nofp/crti.o
 .bss           0x00000000        0x0 c:/progra~2/gnuarm~1/102020~1/bin/../lib/gcc/arm-none-eabi/10.2.1/thumb/v7e-m/nofp/crti.o
 .data          0x00000000        0x4 c:/progra~2/gnuarm~1/102020~1/bin/../lib/gcc/arm-none-eabi/10.2.1/thumb/v7e-m/nofp/crtbegin.o
 .rodata        0x00000000       0x24 c:/progra~2/gnuarm~1/102020~1/bin/../lib/gcc/arm-none-eabi/10.2.1/thumb/v7e-m/nofp/crtbegin.o
 .text          0x00000000       0x7c c:/progra~2/gnuarm~1/102020~1/bin/../lib/gcc/arm-none-eabi/10.2.1/../../../../arm-none-eabi/lib/thumb/v7e-m/nofp/crt0.o
 .data          0x00000000        0x0 c:/progra~2/gnuarm~1/102020~1/bin/../lib/gcc/arm-none-eabi/10.2.1/../../../../arm-none-eabi/lib/thumb/v7e-m/nofp/crt0.o
 .bss           0x00000000        0x0 c:/progra~2/gnuarm~1/102020~1/bin/../lib/gcc/arm-none-eabi/10.2.1/../../../../arm-none-eabi/lib/thumb/v7e-m/nofp/crt0.o
 .ARM.extab     0x00000000        0x0 c:/progra~2/gnuarm~1/102020~1/bin/../lib/gcc/arm-none-eabi/10.2.1/../../../../arm-none-eabi/lib/thumb/v7e-m/nofp/crt0.o
 .ARM.exidx     0x00000000       0x10 c:/progra~2/gnuarm~1/102020~1/bin/../lib/gcc/arm-none-eabi/10.2.1/../../../../arm-none-eabi/lib/thumb/v7e-m/nofp/crt0.o
 .ARM.attributes
[...]
Memory Configuration

Name             Origin             Length             Attributes
RAM              0x20000000         0x00004000         xrw
FLASH            0x08000000         0x00010000         xr
*default*        0x00000000         0xffffffff

Linker script and memory map

LOAD c:/progra~2/gnuarm~1/102020~1/bin/../lib/gcc/arm-none-eabi/10.2.1/thumb/v7e-m/nofp/crti.o
LOAD c:/progra~2/gnuarm~1/102020~1/bin/../lib/gcc/arm-none-eabi/10.2.1/thumb/v7e-m/nofp/crtbegin.o
LOAD c:/progra~2/gnuarm~1/102020~1/bin/../lib/gcc/arm-none-eabi/10.2.1/../../../../arm-none-eabi/lib/thumb/v7e-m/nofp/crt0.o
LOAD CMakeFiles/GPSLogger2.elf.dir/Core/Src/main.c.obj
LOAD CMakeFiles/GPSLogger2.elf.dir/Core/Src/stm32f3xx_hal_msp.c.obj
LOAD CMakeFiles/GPSLogger2.elf.dir/Core/Src/stm32f3xx_it.c.obj
LOAD CMakeFiles/GPSLogger2.elf.dir/Core/Src/syscalls.c.obj
LOAD CMakeFiles/GPSLogger2.elf.dir/Core/Src/sysmem.c.obj
LOAD CMakeFiles/GPSLogger2.elf.dir/Core/Src/system_stm32f3xx.c.obj
LOAD CMakeFiles/GPSLogger2.elf.dir/Core/Startup/startup_stm32f302r8tx.s.obj
LOAD CMakeFiles/GPSLogger2.elf.dir/Drivers/STM32F3xx_HAL_Driver/Src/stm32f3xx_hal.c.obj
LOAD CMakeFiles/GPSLogger2.elf.dir/Drivers/STM32F3xx_HAL_Driver/Src/stm32f3xx_hal_cortex.c.obj
LOAD CMakeFiles/GPSLogger2.elf.dir/Drivers/STM32F3xx_HAL_Driver/Src/stm32f3xx_hal_dma.c.obj
LOAD CMakeFiles/GPSLogger2.elf.dir/Drivers/STM32F3xx_HAL_Driver/Src/stm32f3xx_hal_exti.c.obj
LOAD CMakeFiles/GPSLogger2.elf.dir/Drivers/STM32F3xx_HAL_Driver/Src/stm32f3xx_hal_flash.c.obj
LOAD CMakeFiles/GPSLogger2.elf.dir/Drivers/STM32F3xx_HAL_Driver/Src/stm32f3xx_hal_flash_ex.c.obj
LOAD CMakeFiles/GPSLogger2.elf.dir/Drivers/STM32F3xx_HAL_Driver/Src/stm32f3xx_hal_gpio.c.obj
LOAD CMakeFiles/GPSLogger2.elf.dir/Drivers/STM32F3xx_HAL_Driver/Src/stm32f3xx_hal_i2c.c.obj
LOAD CMakeFiles/GPSLogger2.elf.dir/Drivers/STM32F3xx_HAL_Driver/Src/stm32f3xx_hal_i2c_ex.c.obj
LOAD CMakeFiles/GPSLogger2.elf.dir/Drivers/STM32F3xx_HAL_Driver/Src/stm32f3xx_hal_pwr.c.obj
LOAD CMakeFiles/GPSLogger2.elf.dir/Drivers/STM32F3xx_HAL_Driver/Src/stm32f3xx_hal_pwr_ex.c.obj
LOAD CMakeFiles/GPSLogger2.elf.dir/Drivers/STM32F3xx_HAL_Driver/Src/stm32f3xx_hal_rcc.c.obj
LOAD CMakeFiles/GPSLogger2.elf.dir/Drivers/STM32F3xx_HAL_Driver/Src/stm32f3xx_hal_rcc_ex.c.obj
LOAD CMakeFiles/GPSLogger2.elf.dir/Drivers/STM32F3xx_HAL_Driver/Src/stm32f3xx_hal_tim.c.obj
LOAD CMakeFiles/GPSLogger2.elf.dir/Drivers/STM32F3xx_HAL_Driver/Src/stm32f3xx_hal_tim_ex.c.obj
LOAD CMakeFiles/GPSLogger2.elf.dir/Drivers/STM32F3xx_HAL_Driver/Src/stm32f3xx_hal_uart.c.obj
LOAD CMakeFiles/GPSLogger2.elf.dir/Drivers/STM32F3xx_HAL_Driver/Src/stm32f3xx_hal_uart_ex.c.obj
START GROUP
LOAD c:/progra~2/gnuarm~1/102020~1/bin/../lib/gcc/arm-none-eabi/10.2.1/thumb/v7e-m/nofp\libgcc.a
LOAD c:/progra~2/gnuarm~1/102020~1/bin/../lib/gcc/arm-none-eabi/10.2.1/../../../../arm-none-eabi/lib/thumb/v7e-m/nofp\libg.a
LOAD c:/progra~2/gnuarm~1/102020~1/bin/../lib/gcc/arm-none-eabi/10.2.1/../../../../arm-none-eabi/lib/thumb/v7e-m/nofp\libc.a
END GROUP
LOAD c:/progra~2/gnuarm~1/102020~1/bin/../lib/gcc/arm-none-eabi/10.2.1/thumb/v7e-m/nofp/crtend.o
LOAD c:/progra~2/gnuarm~1/102020~1/bin/../lib/gcc/arm-none-eabi/10.2.1/thumb/v7e-m/nofp/crtn.o
                0x20004000                _estack = (ORIGIN (RAM) + LENGTH (RAM))
                0x00000200                _Min_Heap_Size = 0x200
                0x00000400                _Min_Stack_Size = 0x400

.isr_vector     0x08000000      0x188
                0x08000000                . = ALIGN (0x4)
 *(.isr_vector)
 .isr_vector    0x08000000      0x188 CMakeFiles/GPSLogger2.elf.dir/Core/Startup/startup_stm32f302r8tx.s.obj
                0x08000000                g_pfnVectors
                0x08000188                . = ALIGN (0x4)

.text           0x08000188     0x3e7c
                0x08000188                . = ALIGN (0x4)
 *(.text)
 .text          0x08000188       0x40 c:/progra~2/gnuarm~1/102020~1/bin/../lib/gcc/arm-none-eabi/10.2.1/thumb/v7e-m/nofp/crtbegin.o
 .text          0x080001c8      0x134 c:/progra~2/gnuarm~1/102020~1/bin/../lib/gcc/arm-none-eabi/10.2.1/../../../../arm-none-eabi/lib/thumb/v7e-m/nofp\libg.a(lib_a-memcpy.o)
                0x080001c8                memcpy
 *(.text*)
 .text.main     0x080002fc       0x54 CMakeFiles/GPSLogger2.elf.dir/Core/Src/main.c.obj
                0x080002fc                main
 .text.SystemClock_Config
                0x08000350       0xb0 CMakeFiles/GPSLogger2.elf.dir/Core/Src/main.c.obj
                0x08000350                SystemClock_Config
 .text.MX_I2C1_Init
                0x08000400       0x7c CMakeFiles/GPSLogger2.elf.dir/Core/Src/main.c.obj
 .text.MX_USART1_UART_Init
                0x0800047c       0x60 CMakeFiles/GPSLogger2.elf.dir/Core/Src/main.c.obj
 .text.MX_USART2_UART_Init
                0x080004dc       0x60 CMakeFiles/GPSLogger2.elf.dir/Core/Src/main.c.obj
 .text.MX_DMA_Init
                0x0800053c       0x3c CMakeFiles/GPSLogger2.elf.dir/Core/Src/main.c.obj
 .text.MX_GPIO_Init
                0x08000578       0xd4 CMakeFiles/GPSLogger2.elf.dir/Core/Src/main.c.obj
 .text.HAL_UART_RxCpltCallback
                0x0800064c       0xf4 CMakeFiles/GPSLogger2.elf.dir/Core/Src/main.c.obj
                0x0800064c                HAL_UART_RxCpltCallback
 .text.Error_Handler
                0x08000740        0xa CMakeFiles/GPSLogger2.elf.dir/Core/Src/main.c.obj
                0x08000740                Error_Handler
 *fill*         0x0800074a        0x2 
 .text.HAL_MspInit
                0x0800074c       0x48 CMakeFiles/GPSLogger2.elf.dir/Core/Src/stm32f3xx_hal_msp.c.obj
                0x0800074c                HAL_MspInit
 .text.HAL_I2C_MspInit
                0x08000794       0xc4 CMakeFiles/GPSLogger2.elf.dir/Core/Src/stm32f3xx_hal_msp.c.obj
                0x08000794                HAL_I2C_MspInit
 .text.HAL_UART_MspInit
                0x08000858      0x14c CMakeFiles/GPSLogger2.elf.dir/Core/Src/stm32f3xx_hal_msp.c.obj
                0x08000858                HAL_UART_MspInit
 .text.NMI_Handler
                0x080009a4        0x6 CMakeFiles/GPSLogger2.elf.dir/Core/Src/stm32f3xx_it.c.obj
                0x080009a4                NMI_Handler
 .text.HardFault_Handler
                0x080009aa        0x6 CMakeFiles/GPSLogger2.elf.dir/Core/Src/stm32f3xx_it.c.obj
                0x080009aa                HardFault_Handler
 .text.MemManage_Handler
                0x080009b0        0x6 CMakeFiles/GPSLogger2.elf.dir/Core/Src/stm32f3xx_it.c.obj
                0x080009b0                MemManage_Handler
 .text.BusFault_Handler
                0x080009b6        0x6 CMakeFiles/GPSLogger2.elf.dir/Core/Src/stm32f3xx_it.c.obj
                0x080009b6                BusFault_Handler
 .text.UsageFault_Handler
                0x080009bc        0x6 CMakeFiles/GPSLogger2.elf.dir/Core/Src/stm32f3xx_it.c.obj
                0x080009bc                UsageFault_Handler
 .text.SVC_Handler
                0x080009c2        0xc CMakeFiles/GPSLogger2.elf.dir/Core/Src/stm32f3xx_it.c.obj
                0x080009c2                SVC_Handler
 .text.DebugMon_Handler
                0x080009ce        0xc CMakeFiles/GPSLogger2.elf.dir/Core/Src/stm32f3xx_it.c.obj
                0x080009ce                DebugMon_Handler
 .text.PendSV_Handler
                0x080009da        0xc CMakeFiles/GPSLogger2.elf.dir/Core/Src/stm32f3xx_it.c.obj
                0x080009da                PendSV_Handler
 .text.SysTick_Handler
                0x080009e6        0xc CMakeFiles/GPSLogger2.elf.dir/Core/Src/stm32f3xx_it.c.obj
                0x080009e6                SysTick_Handler
 *fill*         0x080009f2        0x2 
 .text.DMA1_Channel5_IRQHandler
                0x080009f4       0x14 CMakeFiles/GPSLogger2.elf.dir/Core/Src/stm32f3xx_it.c.obj
                0x080009f4                DMA1_Channel5_IRQHandler
 .text.USART1_IRQHandler
                0x08000a08       0x14 CMakeFiles/GPSLogger2.elf.dir/Core/Src/stm32f3xx_it.c.obj
                0x08000a08                USART1_IRQHandler
 .text.SystemInit
                0x08000a1c        0xc CMakeFiles/GPSLogger2.elf.dir/Core/Src/system_stm32f3xx.c.obj
                0x08000a1c                SystemInit
 .text.Reset_Handler
                0x08000a28       0x50 CMakeFiles/GPSLogger2.elf.dir/Core/Startup/startup_stm32f302r8tx.s.obj
                0x08000a28                Reset_Handler
 .text.Default_Handler
                0x08000a78        0x2 CMakeFiles/GPSLogger2.elf.dir/Core/Startup/startup_stm32f302r8tx.s.obj
                0x08000a78                RTC_Alarm_IRQHandler
                0x08000a78                TIM1_CC_IRQHandler
                0x08000a78                USB_HP_IRQHandler
                0x08000a78                PVD_IRQHandler
                0x08000a78                TAMP_STAMP_IRQHandler
                0x08000a78                EXTI3_IRQHandler
                0x08000a78                I2C3_ER_IRQHandler
                0x08000a78                USB_HP_CAN_TX_IRQHandler
                0x08000a78                EXTI0_IRQHandler
                0x08000a78                I2C2_EV_IRQHandler
                0x08000a78                FPU_IRQHandler
                0x08000a78                TIM1_UP_TIM16_IRQHandler
                0x08000a78                CAN_SCE_IRQHandler
                0x08000a78                TIM6_DAC_IRQHandler
                0x08000a78                DMA1_Channel4_IRQHandler
                0x08000a78                ADC1_IRQHandler
                0x08000a78                USART3_IRQHandler
                0x08000a78                DMA1_Channel7_IRQHandler
                0x08000a78                CAN_RX1_IRQHandler
                0x08000a78                I2C1_EV_IRQHandler
                0x08000a78                DMA1_Channel6_IRQHandler
                0x08000a78                RCC_IRQHandler
                0x08000a78                DMA1_Channel1_IRQHandler
                0x08000a78                Default_Handler
                0x08000a78                USBWakeUp_RMP_IRQHandler
                0x08000a78                EXTI15_10_IRQHandler
                0x08000a78                COMP2_IRQHandler
                0x08000a78                I2C3_EV_IRQHandler
                0x08000a78                EXTI9_5_IRQHandler
                0x08000a78                RTC_WKUP_IRQHandler
                0x08000a78                SPI2_IRQHandler
                0x08000a78                USB_LP_CAN_RX0_IRQHandler
                0x08000a78                USB_LP_IRQHandler
                0x08000a78                EXTI4_IRQHandler
                0x08000a78                TIM1_TRG_COM_TIM17_IRQHandler
                0x08000a78                DMA1_Channel3_IRQHandler
                0x08000a78                WWDG_IRQHandler
                0x08000a78                TIM2_IRQHandler
                0x08000a78                EXTI1_IRQHandler
                0x08000a78                COMP4_6_IRQHandler
                0x08000a78                USART2_IRQHandler
                0x08000a78                I2C2_ER_IRQHandler
                0x08000a78                DMA1_Channel2_IRQHandler
                0x08000a78                FLASH_IRQHandler
                0x08000a78                SPI3_IRQHandler
                0x08000a78                I2C1_ER_IRQHandler
                0x08000a78                USBWakeUp_IRQHandler
                0x08000a78                EXTI2_TSC_IRQHandler
                0x08000a78                TIM1_BRK_TIM15_IRQHandler
 *fill*         0x08000a7a        0x2 
 .text.HAL_Init
                0x08000a7c       0x2c CMakeFiles/GPSLogger2.elf.dir/Drivers/STM32F3xx_HAL_Driver/Src/stm32f3xx_hal.c.obj
                0x08000a7c                HAL_Init
 .text.HAL_InitTick
                0x08000aa8       0x60 CMakeFiles/GPSLogger2.elf.dir/Drivers/STM32F3xx_HAL_Driver/Src/stm32f3xx_hal.c.obj
                0x08000aa8                HAL_InitTick
 .text.HAL_IncTick
                0x08000b08       0x24 CMakeFiles/GPSLogger2.elf.dir/Drivers/STM32F3xx_HAL_Driver/Src/stm32f3xx_hal.c.obj
                0x08000b08                HAL_IncTick
 .text.HAL_GetTick
                0x08000b2c       0x14 CMakeFiles/GPSLogger2.elf.dir/Drivers/STM32F3xx_HAL_Driver/Src/stm32f3xx_hal.c.obj
                0x08000b2c                HAL_GetTick
 .text.HAL_Delay
                0x08000b40       0x48 CMakeFiles/GPSLogger2.elf.dir/Drivers/STM32F3xx_HAL_Driver/Src/stm32f3xx_hal.c.obj
                0x08000b40                HAL_Delay
 .text.__NVIC_SetPriorityGrouping
                0x08000b88       0x48 CMakeFiles/GPSLogger2.elf.dir/Drivers/STM32F3xx_HAL_Driver/Src/stm32f3xx_hal_cortex.c.obj
 .text.__NVIC_GetPriorityGrouping
                0x08000bd0       0x1c CMakeFiles/GPSLogger2.elf.dir/Drivers/STM32F3xx_HAL_Driver/Src/stm32f3xx_hal_cortex.c.obj
 .text.__NVIC_EnableIRQ
                0x08000bec       0x38 CMakeFiles/GPSLogger2.elf.dir/Drivers/STM32F3xx_HAL_Driver/Src/stm32f3xx_hal_cortex.c.obj
 .text.__NVIC_SetPriority
                0x08000c24       0x54 CMakeFiles/GPSLogger2.elf.dir/Drivers/STM32F3xx_HAL_Driver/Src/stm32f3xx_hal_cortex.c.obj
 .text.NVIC_EncodePriority
                0x08000c78       0x64 CMakeFiles/GPSLogger2.elf.dir/Drivers/STM32F3xx_HAL_Driver/Src/stm32f3xx_hal_cortex.c.obj
 .text.SysTick_Config
                0x08000cdc       0x44 CMakeFiles/GPSLogger2.elf.dir/Drivers/STM32F3xx_HAL_Driver/Src/stm32f3xx_hal_cortex.c.obj
 .text.HAL_NVIC_SetPriorityGrouping
                0x08000d20       0x16 CMakeFiles/GPSLogger2.elf.dir/Drivers/STM32F3xx_HAL_Driver/Src/stm32f3xx_hal_cortex.c.obj
                0x08000d20                HAL_NVIC_SetPriorityGrouping
 .text.HAL_NVIC_SetPriority
                0x08000d36       0x38 CMakeFiles/GPSLogger2.elf.dir/Drivers/STM32F3xx_HAL_Driver/Src/stm32f3xx_hal_cortex.c.obj
                0x08000d36                HAL_NVIC_SetPriority
 .text.HAL_NVIC_EnableIRQ
                0x08000d6e       0x1c CMakeFiles/GPSLogger2.elf.dir/Drivers/STM32F3xx_HAL_Driver/Src/stm32f3xx_hal_cortex.c.obj
                0x08000d6e                HAL_NVIC_EnableIRQ
 .text.HAL_SYSTICK_Config
                0x08000d8a       0x18 CMakeFiles/GPSLogger2.elf.dir/Drivers/STM32F3xx_HAL_Driver/Src/stm32f3xx_hal_cortex.c.obj
                0x08000d8a                HAL_SYSTICK_Config
 .text.HAL_DMA_Init
                0x08000da2       0x8e CMakeFiles/GPSLogger2.elf.dir/Drivers/STM32F3xx_HAL_Driver/Src/stm32f3xx_hal_dma.c.obj
                0x08000da2                HAL_DMA_Init
 .text.HAL_DMA_Start_IT
                0x08000e30       0xbe CMakeFiles/GPSLogger2.elf.dir/Drivers/STM32F3xx_HAL_Driver/Src/stm32f3xx_hal_dma.c.obj
                0x08000e30                HAL_DMA_Start_IT
 .text.HAL_DMA_Abort
                0x08000eee       0x70 CMakeFiles/GPSLogger2.elf.dir/Drivers/STM32F3xx_HAL_Driver/Src/stm32f3xx_hal_dma.c.obj
                0x08000eee                HAL_DMA_Abort
 .text.HAL_DMA_Abort_IT
                0x08000f5e       0x7c CMakeFiles/GPSLogger2.elf.dir/Drivers/STM32F3xx_HAL_Driver/Src/stm32f3xx_hal_dma.c.obj
                0x08000f5e                HAL_DMA_Abort_IT
 .text.HAL_DMA_IRQHandler
                0x08000fda      0x146 CMakeFiles/GPSLogger2.elf.dir/Drivers/STM32F3xx_HAL_Driver/Src/stm32f3xx_hal_dma.c.obj
                0x08000fda                HAL_DMA_IRQHandler
 .text.DMA_SetConfig
                0x08001120       0x5a CMakeFiles/GPSLogger2.elf.dir/Drivers/STM32F3xx_HAL_Driver/Src/stm32f3xx_hal_dma.c.obj
 *fill*         0x0800117a        0x2 
 .text.DMA_CalcBaseAndBitshift
                0x0800117c       0x3c CMakeFiles/GPSLogger2.elf.dir/Drivers/STM32F3xx_HAL_Driver/Src/stm32f3xx_hal_dma.c.obj
 .text.HAL_GPIO_Init
                0x080011b8      0x2e4 CMakeFiles/GPSLogger2.elf.dir/Drivers/STM32F3xx_HAL_Driver/Src/stm32f3xx_hal_gpio.c.obj
                0x080011b8                HAL_GPIO_Init
 .text.HAL_GPIO_WritePin
                0x0800149c       0x2e CMakeFiles/GPSLogger2.elf.dir/Drivers/STM32F3xx_HAL_Driver/Src/stm32f3xx_hal_gpio.c.obj
                0x0800149c                HAL_GPIO_WritePin
 .text.HAL_GPIO_TogglePin
                0x080014ca       0x32 CMakeFiles/GPSLogger2.elf.dir/Drivers/STM32F3xx_HAL_Driver/Src/stm32f3xx_hal_gpio.c.obj
                0x080014ca                HAL_GPIO_TogglePin
 .text.HAL_I2C_Init
                0x080014fc      0x11e CMakeFiles/GPSLogger2.elf.dir/Drivers/STM32F3xx_HAL_Driver/Src/stm32f3xx_hal_i2c.c.obj
                0x080014fc                HAL_I2C_Init
 .text.HAL_I2CEx_ConfigAnalogFilter
                0x0800161a       0x94 CMakeFiles/GPSLogger2.elf.dir/Drivers/STM32F3xx_HAL_Driver/Src/stm32f3xx_hal_i2c_ex.c.obj
                0x0800161a                HAL_I2CEx_ConfigAnalogFilter
 .text.HAL_I2CEx_ConfigDigitalFilter
                0x080016ae       0x96 CMakeFiles/GPSLogger2.elf.dir/Drivers/STM32F3xx_HAL_Driver/Src/stm32f3xx_hal_i2c_ex.c.obj
                0x080016ae                HAL_I2CEx_ConfigDigitalFilter
 .text.HAL_RCC_OscConfig
                0x08001744     0x107c CMakeFiles/GPSLogger2.elf.dir/Drivers/STM32F3xx_HAL_Driver/Src/stm32f3xx_hal_rcc.c.obj
                0x08001744                HAL_RCC_OscConfig
 .text.HAL_RCC_ClockConfig
                0x080027c0      0x2f8 CMakeFiles/GPSLogger2.elf.dir/Drivers/STM32F3xx_HAL_Driver/Src/stm32f3xx_hal_rcc.c.obj
                0x080027c0                HAL_RCC_ClockConfig
 .text.HAL_RCC_GetSysClockFreq
                0x08002ab8       0xd0 CMakeFiles/GPSLogger2.elf.dir/Drivers/STM32F3xx_HAL_Driver/Src/stm32f3xx_hal_rcc.c.obj
                0x08002ab8                HAL_RCC_GetSysClockFreq
 .text.HAL_RCC_GetHCLKFreq
                0x08002b88       0x14 CMakeFiles/GPSLogger2.elf.dir/Drivers/STM32F3xx_HAL_Driver/Src/stm32f3xx_hal_rcc.c.obj
                0x08002b88                HAL_RCC_GetHCLKFreq
 .text.HAL_RCC_GetPCLK1Freq
                0x08002b9c       0x44 CMakeFiles/GPSLogger2.elf.dir/Drivers/STM32F3xx_HAL_Driver/Src/stm32f3xx_hal_rcc.c.obj
                0x08002b9c                HAL_RCC_GetPCLK1Freq
 .text.HAL_RCC_GetPCLK2Freq
                0x08002be0       0x44 CMakeFiles/GPSLogger2.elf.dir/Drivers/STM32F3xx_HAL_Driver/Src/stm32f3xx_hal_rcc.c.obj
                0x08002be0                HAL_RCC_GetPCLK2Freq
 .text.HAL_RCCEx_PeriphCLKConfig
                0x08002c24      0x324 CMakeFiles/GPSLogger2.elf.dir/Drivers/STM32F3xx_HAL_Driver/Src/stm32f3xx_hal_rcc_ex.c.obj
                0x08002c24                HAL_RCCEx_PeriphCLKConfig
 .text.HAL_UART_Init
                0x08002f48       0x9c CMakeFiles/GPSLogger2.elf.dir/Drivers/STM32F3xx_HAL_Driver/Src/stm32f3xx_hal_uart.c.obj
                0x08002f48                HAL_UART_Init
 .text.HAL_UART_Transmit
                0x08002fe4      0x128 CMakeFiles/GPSLogger2.elf.dir/Drivers/STM32F3xx_HAL_Driver/Src/stm32f3xx_hal_uart.c.obj
                0x08002fe4                HAL_UART_Transmit
 .text.HAL_UART_Receive_DMA
                0x0800310c       0x7a CMakeFiles/GPSLogger2.elf.dir/Drivers/STM32F3xx_HAL_Driver/Src/stm32f3xx_hal_uart.c.obj
                0x0800310c                HAL_UART_Receive_DMA
 *fill*         0x08003186        0x2 
 .text.HAL_UART_IRQHandler
                0x08003188      0x400 CMakeFiles/GPSLogger2.elf.dir/Drivers/STM32F3xx_HAL_Driver/Src/stm32f3xx_hal_uart.c.obj
                0x08003188                HAL_UART_IRQHandler
 .text.HAL_UART_TxCpltCallback
                0x08003588       0x12 CMakeFiles/GPSLogger2.elf.dir/Drivers/STM32F3xx_HAL_Driver/Src/stm32f3xx_hal_uart.c.obj
                0x08003588                HAL_UART_TxCpltCallback
 .text.HAL_UART_RxHalfCpltCallback
                0x0800359a       0x12 CMakeFiles/GPSLogger2.elf.dir/Drivers/STM32F3xx_HAL_Driver/Src/stm32f3xx_hal_uart.c.obj
                0x0800359a                HAL_UART_RxHalfCpltCallback
 .text.HAL_UART_ErrorCallback
                0x080035ac       0x12 CMakeFiles/GPSLogger2.elf.dir/Drivers/STM32F3xx_HAL_Driver/Src/stm32f3xx_hal_uart.c.obj
                0x080035ac                HAL_UART_ErrorCallback
 .text.HAL_UARTEx_RxEventCallback
                0x080035be       0x16 CMakeFiles/GPSLogger2.elf.dir/Drivers/STM32F3xx_HAL_Driver/Src/stm32f3xx_hal_uart.c.obj
                0x080035be                HAL_UARTEx_RxEventCallback
 .text.UART_SetConfig
                0x080035d4      0x26c CMakeFiles/GPSLogger2.elf.dir/Drivers/STM32F3xx_HAL_Driver/Src/stm32f3xx_hal_uart.c.obj
                0x080035d4                UART_SetConfig
 .text.UART_AdvFeatureConfig
                0x08003840      0x142 CMakeFiles/GPSLogger2.elf.dir/Drivers/STM32F3xx_HAL_Driver/Src/stm32f3xx_hal_uart.c.obj
                0x08003840                UART_AdvFeatureConfig
 .text.UART_CheckIdleState
                0x08003982       0x92 CMakeFiles/GPSLogger2.elf.dir/Drivers/STM32F3xx_HAL_Driver/Src/stm32f3xx_hal_uart.c.obj
                0x08003982                UART_CheckIdleState
 .text.UART_WaitOnFlagUntilTimeout
                0x08003a14       0xf8 CMakeFiles/GPSLogger2.elf.dir/Drivers/STM32F3xx_HAL_Driver/Src/stm32f3xx_hal_uart.c.obj
                0x08003a14                UART_WaitOnFlagUntilTimeout
 .text.UART_Start_Receive_DMA
                0x08003b0c       0xd8 CMakeFiles/GPSLogger2.elf.dir/Drivers/STM32F3xx_HAL_Driver/Src/stm32f3xx_hal_uart.c.obj
                0x08003b0c                UART_Start_Receive_DMA
 .text.UART_EndTxTransfer
                0x08003be4       0x28 CMakeFiles/GPSLogger2.elf.dir/Drivers/STM32F3xx_HAL_Driver/Src/stm32f3xx_hal_uart.c.obj
 .text.UART_EndRxTransfer
                0x08003c0c       0x5c CMakeFiles/GPSLogger2.elf.dir/Drivers/STM32F3xx_HAL_Driver/Src/stm32f3xx_hal_uart.c.obj
 .text.UART_DMAReceiveCplt
                0x08003c68       0x92 CMakeFiles/GPSLogger2.elf.dir/Drivers/STM32F3xx_HAL_Driver/Src/stm32f3xx_hal_uart.c.obj
 .text.UART_DMARxHalfCplt
                0x08003cfa       0x38 CMakeFiles/GPSLogger2.elf.dir/Drivers/STM32F3xx_HAL_Driver/Src/stm32f3xx_hal_uart.c.obj
 .text.UART_DMAError
                0x08003d32       0x7c CMakeFiles/GPSLogger2.elf.dir/Drivers/STM32F3xx_HAL_Driver/Src/stm32f3xx_hal_uart.c.obj
 .text.UART_DMAAbortOnError
                0x08003dae       0x2c CMakeFiles/GPSLogger2.elf.dir/Drivers/STM32F3xx_HAL_Driver/Src/stm32f3xx_hal_uart.c.obj
 .text.UART_EndTransmit_IT
                0x08003dda       0x32 CMakeFiles/GPSLogger2.elf.dir/Drivers/STM32F3xx_HAL_Driver/Src/stm32f3xx_hal_uart.c.obj
 .text.HAL_UARTEx_WakeupCallback
                0x08003e0c       0x12 CMakeFiles/GPSLogger2.elf.dir/Drivers/STM32F3xx_HAL_Driver/Src/stm32f3xx_hal_uart_ex.c.obj
                0x08003e0c                HAL_UARTEx_WakeupCallback
 *fill*         0x08003e1e        0x2 
 .text.__libc_init_array
                0x08003e20       0x48 c:/progra~2/gnuarm~1/102020~1/bin/../lib/gcc/arm-none-eabi/10.2.1/../../../../arm-none-eabi/lib/thumb/v7e-m/nofp\libg.a(lib_a-init.o)
                0x08003e20                __libc_init_array
 .text.memset   0x08003e68       0xa4 c:/progra~2/gnuarm~1/102020~1/bin/../lib/gcc/arm-none-eabi/10.2.1/../../../../arm-none-eabi/lib/thumb/v7e-m/nofp\libg.a(lib_a-memset.o)
                0x08003e68                memset
 .text.startup.register_fini
                0x08003f0c       0x14 c:/progra~2/gnuarm~1/102020~1/bin/../lib/gcc/arm-none-eabi/10.2.1/../../../../arm-none-eabi/lib/thumb/v7e-m/nofp\libg.a(lib_a-__call_atexit.o)
 .text.atexit   0x08003f20        0xc c:/progra~2/gnuarm~1/102020~1/bin/../lib/gcc/arm-none-eabi/10.2.1/../../../../arm-none-eabi/lib/thumb/v7e-m/nofp\libg.a(lib_a-atexit.o)
                0x08003f20                atexit
 .text.__libc_fini_array
                0x08003f2c       0x2c c:/progra~2/gnuarm~1/102020~1/bin/../lib/gcc/arm-none-eabi/10.2.1/../../../../arm-none-eabi/lib/thumb/v7e-m/nofp\libg.a(lib_a-fini.o)
                0x08003f2c                __libc_fini_array
 .text.__retarget_lock_acquire_recursive
                0x08003f58        0x4 c:/progra~2/gnuarm~1/102020~1/bin/../lib/gcc/arm-none-eabi/10.2.1/../../../../arm-none-eabi/lib/thumb/v7e-m/nofp\libg.a(lib_a-lock.o)
                0x08003f58                __retarget_lock_acquire_recursive
 .text.__retarget_lock_release_recursive
                0x08003f5c        0x4 c:/progra~2/gnuarm~1/102020~1/bin/../lib/gcc/arm-none-eabi/10.2.1/../../../../arm-none-eabi/lib/thumb/v7e-m/nofp\libg.a(lib_a-lock.o)
                0x08003f5c                __retarget_lock_release_recursive
 .text.__register_exitproc
                0x08003f60       0x8c c:/progra~2/gnuarm~1/102020~1/bin/../lib/gcc/arm-none-eabi/10.2.1/../../../../arm-none-eabi/lib/thumb/v7e-m/nofp\libg.a(lib_a-__atexit.o)
                0x08003f60                __register_exitproc
 *(.glue_7)
 .glue_7        0x08003fec        0x0 linker stubs
 *(.glue_7t)
 .glue_7t       0x08003fec        0x0 linker stubs
 *(.eh_frame)
 .eh_frame      0x08003fec        0x0 c:/progra~2/gnuarm~1/102020~1/bin/../lib/gcc/arm-none-eabi/10.2.1/thumb/v7e-m/nofp/crtbegin.o
 *(.init)
 .init          0x08003fec        0x4 c:/progra~2/gnuarm~1/102020~1/bin/../lib/gcc/arm-none-eabi/10.2.1/thumb/v7e-m/nofp/crti.o
                0x08003fec                _init
 .init          0x08003ff0        0x8 c:/progra~2/gnuarm~1/102020~1/bin/../lib/gcc/arm-none-eabi/10.2.1/thumb/v7e-m/nofp/crtn.o
 *(.fini)
 .fini          0x08003ff8        0x4 c:/progra~2/gnuarm~1/102020~1/bin/../lib/gcc/arm-none-eabi/10.2.1/thumb/v7e-m/nofp/crti.o
                0x08003ff8                _fini
 .fini          0x08003ffc        0x8 c:/progra~2/gnuarm~1/102020~1/bin/../lib/gcc/arm-none-eabi/10.2.1/thumb/v7e-m/nofp/crtn.o
                0x08004004                . = ALIGN (0x4)
                0x08004004                _etext = .

.vfp11_veneer   0x08004004        0x0
 .vfp11_veneer  0x08004004        0x0 linker stubs

.v4_bx          0x08004004        0x0
 .v4_bx         0x08004004        0x0 linker stubs

.iplt           0x08004004        0x0
 .iplt          0x08004004        0x0 c:/progra~2/gnuarm~1/102020~1/bin/../lib/gcc/arm-none-eabi/10.2.1/thumb/v7e-m/nofp/crtbegin.o

.rodata         0x08004004       0x3c
                0x08004004                . = ALIGN (0x4)
 *(.rodata)
 *(.rodata*)
 .rodata.AHBPrescTable
                0x08004004       0x10 CMakeFiles/GPSLogger2.elf.dir/Core/Src/system_stm32f3xx.c.obj
                0x08004004                AHBPrescTable
 .rodata.APBPrescTable
                0x08004014        0x8 CMakeFiles/GPSLogger2.elf.dir/Core/Src/system_stm32f3xx.c.obj
                0x08004014                APBPrescTable
 .rodata.aPLLMULFactorTable
                0x0800401c       0x10 CMakeFiles/GPSLogger2.elf.dir/Drivers/STM32F3xx_HAL_Driver/Src/stm32f3xx_hal_rcc.c.obj
                0x0800401c                aPLLMULFactorTable
 .rodata.aPredivFactorTable
                0x0800402c       0x10 CMakeFiles/GPSLogger2.elf.dir/Drivers/STM32F3xx_HAL_Driver/Src/stm32f3xx_hal_rcc.c.obj
                0x0800402c                aPredivFactorTable
 .rodata._global_impure_ptr
                0x0800403c        0x4 c:/progra~2/gnuarm~1/102020~1/bin/../lib/gcc/arm-none-eabi/10.2.1/../../../../arm-none-eabi/lib/thumb/v7e-m/nofp\libg.a(lib_a-impure.o)
                0x0800403c                _global_impure_ptr
                0x08004040                . = ALIGN (0x4)

.rel.dyn        0x08004040        0x0
 .rel.iplt      0x08004040        0x0 c:/progra~2/gnuarm~1/102020~1/bin/../lib/gcc/arm-none-eabi/10.2.1/thumb/v7e-m/nofp/crtbegin.o

.ARM.extab      0x08004040        0x0
                0x08004040                . = ALIGN (0x4)
 *(.ARM.extab* .gnu.linkonce.armextab.*)
                0x08004040                . = ALIGN (0x4)

.ARM            0x08004040        0x0
                0x08004040                . = ALIGN (0x4)
                0x08004040                __exidx_start = .
 *(.ARM.exidx*)
                0x08004040                __exidx_end = .
                0x08004040                . = ALIGN (0x4)

.preinit_array  0x08004040        0x0
                0x08004040                . = ALIGN (0x4)
                0x08004040                PROVIDE (__preinit_array_start = .)
 *(.preinit_array*)
                0x08004040                PROVIDE (__preinit_array_end = .)
                0x08004040                . = ALIGN (0x4)

.init_array     0x08004040        0x8
                0x08004040                . = ALIGN (0x4)
                0x08004040                PROVIDE (__init_array_start = .)
 *(SORT_BY_NAME(.init_array.*))
 .init_array.00000
                0x08004040        0x4 c:/progra~2/gnuarm~1/102020~1/bin/../lib/gcc/arm-none-eabi/10.2.1/../../../../arm-none-eabi/lib/thumb/v7e-m/nofp\libg.a(lib_a-__call_atexit.o)
 *(.init_array*)
 .init_array    0x08004044        0x4 c:/progra~2/gnuarm~1/102020~1/bin/../lib/gcc/arm-none-eabi/10.2.1/thumb/v7e-m/nofp/crtbegin.o
                0x08004048                PROVIDE (__init_array_end = .)
                0x08004048                . = ALIGN (0x4)

.fini_array     0x08004048        0x4
                0x08004048                . = ALIGN (0x4)
                0x08004048                PROVIDE (__fini_array_start = .)
 *(SORT_BY_NAME(.fini_array.*))
 *(.fini_array*)
 .fini_array    0x08004048        0x4 c:/progra~2/gnuarm~1/102020~1/bin/../lib/gcc/arm-none-eabi/10.2.1/thumb/v7e-m/nofp/crtbegin.o
                0x0800404c                PROVIDE (__fini_array_end = .)
                0x0800404c                . = ALIGN (0x4)
                0x0800404c                _sidata = LOADADDR (.data)

.data           0x20000000      0x43c load address 0x0800404c
                0x20000000                . = ALIGN (0x4)
                0x20000000                _sdata = .
 *(.data)
 *(.data*)
 .data.SystemCoreClock
                0x20000000        0x4 CMakeFiles/GPSLogger2.elf.dir/Core/Src/system_stm32f3xx.c.obj
                0x20000000                SystemCoreClock
 .data.uwTickPrio
                0x20000004        0x4 CMakeFiles/GPSLogger2.elf.dir/Drivers/STM32F3xx_HAL_Driver/Src/stm32f3xx_hal.c.obj
                0x20000004                uwTickPrio
 .data.uwTickFreq
                0x20000008        0x1 CMakeFiles/GPSLogger2.elf.dir/Drivers/STM32F3xx_HAL_Driver/Src/stm32f3xx_hal.c.obj
                0x20000008                uwTickFreq
 *fill*         0x20000009        0x7 
 .data.impure_data
                0x20000010      0x428 c:/progra~2/gnuarm~1/102020~1/bin/../lib/gcc/arm-none-eabi/10.2.1/../../../../arm-none-eabi/lib/thumb/v7e-m/nofp\libg.a(lib_a-impure.o)
 .data.__atexit_recursive_mutex
                0x20000438        0x4 c:/progra~2/gnuarm~1/102020~1/bin/../lib/gcc/arm-none-eabi/10.2.1/../../../../arm-none-eabi/lib/thumb/v7e-m/nofp\libg.a(lib_a-__call_atexit.o)
                0x20000438                __atexit_recursive_mutex
                0x2000043c                . = ALIGN (0x4)
                0x2000043c                _edata = .

.igot.plt       0x2000043c        0x0 load address 0x08004488
 .igot.plt      0x2000043c        0x0 c:/progra~2/gnuarm~1/102020~1/bin/../lib/gcc/arm-none-eabi/10.2.1/thumb/v7e-m/nofp/crtbegin.o
                0x2000043c                . = ALIGN (0x4)

.bss            0x2000043c      0x2e8 load address 0x08004488
                0x2000043c                _sbss = .
                0x2000043c                __bss_start__ = _sbss
 *(.bss)
 .bss           0x2000043c       0x1c c:/progra~2/gnuarm~1/102020~1/bin/../lib/gcc/arm-none-eabi/10.2.1/thumb/v7e-m/nofp/crtbegin.o
 *(.bss*)
 .bss.hi2c1     0x20000458       0x4c CMakeFiles/GPSLogger2.elf.dir/Core/Src/main.c.obj
                0x20000458                hi2c1
 .bss.huart1    0x200004a4       0x84 CMakeFiles/GPSLogger2.elf.dir/Core/Src/main.c.obj
                0x200004a4                huart1
 .bss.huart2    0x20000528       0x84 CMakeFiles/GPSLogger2.elf.dir/Core/Src/main.c.obj
                0x20000528                huart2
 .bss.hdma_usart1_rx
                0x200005ac       0x44 CMakeFiles/GPSLogger2.elf.dir/Core/Src/main.c.obj
                0x200005ac                hdma_usart1_rx
 .bss.myRxData  0x200005f0       0x64 CMakeFiles/GPSLogger2.elf.dir/Core/Src/main.c.obj
                0x200005f0                myRxData
 .bss.RxBuf     0x20000654       0x64 CMakeFiles/GPSLogger2.elf.dir/Core/Src/main.c.obj
                0x20000654                RxBuf
 .bss.TxBuf     0x200006b8       0x64 CMakeFiles/GPSLogger2.elf.dir/Core/Src/main.c.obj
                0x200006b8                TxBuf
 .bss.uwTick    0x2000071c        0x4 CMakeFiles/GPSLogger2.elf.dir/Drivers/STM32F3xx_HAL_Driver/Src/stm32f3xx_hal.c.obj
                0x2000071c                uwTick
 .bss.__lock___atexit_recursive_mutex
                0x20000720        0x1 c:/progra~2/gnuarm~1/102020~1/bin/../lib/gcc/arm-none-eabi/10.2.1/../../../../arm-none-eabi/lib/thumb/v7e-m/nofp\libg.a(lib_a-lock.o)
                0x20000720                __lock___atexit_recursive_mutex
 *(COMMON)
                0x20000724                . = ALIGN (0x4)
 *fill*         0x20000721        0x3 
                0x20000724                _ebss = .
                0x20000724                __bss_end__ = _ebss

._user_heap_stack
                0x20000724      0x604 load address 0x08004488
                0x20000728                . = ALIGN (0x8)
 *fill*         0x20000724        0x4 
                [!provide]                PROVIDE (end = .)
                0x20000728                PROVIDE (_end = .)
                0x20000928                . = (. + _Min_Heap_Size)
 *fill*         0x20000728      0x200 
                0x20000d28                . = (. + _Min_Stack_Size)
 *fill*         0x20000928      0x400 
                0x20000d28                . = ALIGN (0x8)

/DISCARD/
 libc.a(*)
 libm.a(*)
 libgcc.a(*)

.ARM.attributes
                0x00000000       0x2a
 *(.ARM.attributes)
 .ARM.attributes
                0x00000000       0x1e c:/progra~2/gnuarm~1/102020~1/bin/../lib/gcc/arm-none-eabi/10.2.1/thumb/v7e-m/nofp/crti.o
 .ARM.attributes
                0x0000001e       0x2e c:/progra~2/gnuarm~1/102020~1/bin/../lib/gcc/arm-none-eabi/10.2.1/thumb/v7e-m/nofp/crtbegin.o
 .ARM.attributes
                0x0000004c       0x2e CMakeFiles/GPSLogger2.elf.dir/Core/Src/main.c.obj
 .ARM.attributes
                0x0000007a       0x2e CMakeFiles/GPSLogger2.elf.dir/Core/Src/stm32f3xx_hal_msp.c.obj
 .ARM.attributes
                0x000000a8       0x2e CMakeFiles/GPSLogger2.elf.dir/Core/Src/stm32f3xx_it.c.obj
 .ARM.attributes
                0x000000d6       0x2e CMakeFiles/GPSLogger2.elf.dir/Core/Src/system_stm32f3xx.c.obj
 .ARM.attributes
                0x00000104       0x21 CMakeFiles/GPSLogger2.elf.dir/Core/Startup/startup_stm32f302r8tx.s.obj
 .ARM.attributes
                0x00000125       0x2e CMakeFiles/GPSLogger2.elf.dir/Drivers/STM32F3xx_HAL_Driver/Src/stm32f3xx_hal.c.obj
 .ARM.attributes
                0x00000153       0x2e CMakeFiles/GPSLogger2.elf.dir/Drivers/STM32F3xx_HAL_Driver/Src/stm32f3xx_hal_cortex.c.obj
 .ARM.attributes
                0x00000181       0x2e CMakeFiles/GPSLogger2.elf.dir/Drivers/STM32F3xx_HAL_Driver/Src/stm32f3xx_hal_dma.c.obj
 .ARM.attributes
                0x000001af       0x2e CMakeFiles/GPSLogger2.elf.dir/Drivers/STM32F3xx_HAL_Driver/Src/stm32f3xx_hal_gpio.c.obj
 .ARM.attributes
                0x000001dd       0x2e CMakeFiles/GPSLogger2.elf.dir/Drivers/STM32F3xx_HAL_Driver/Src/stm32f3xx_hal_i2c.c.obj
 .ARM.attributes
                0x0000020b       0x2e CMakeFiles/GPSLogger2.elf.dir/Drivers/STM32F3xx_HAL_Driver/Src/stm32f3xx_hal_i2c_ex.c.obj
 .ARM.attributes
                0x00000239       0x2e CMakeFiles/GPSLogger2.elf.dir/Drivers/STM32F3xx_HAL_Driver/Src/stm32f3xx_hal_rcc.c.obj
 .ARM.attributes
                0x00000267       0x2e CMakeFiles/GPSLogger2.elf.dir/Drivers/STM32F3xx_HAL_Driver/Src/stm32f3xx_hal_rcc_ex.c.obj
 .ARM.attributes
                0x00000295       0x2e CMakeFiles/GPSLogger2.elf.dir/Drivers/STM32F3xx_HAL_Driver/Src/stm32f3xx_hal_uart.c.obj
 .ARM.attributes
                0x000002c3       0x2e CMakeFiles/GPSLogger2.elf.dir/Drivers/STM32F3xx_HAL_Driver/Src/stm32f3xx_hal_uart_ex.c.obj
 .ARM.attributes
                0x000002f1       0x2e c:/progra~2/gnuarm~1/102020~1/bin/../lib/gcc/arm-none-eabi/10.2.1/../../../../arm-none-eabi/lib/thumb/v7e-m/nofp\libg.a(lib_a-impure.o)
 .ARM.attributes
                0x0000031f       0x2e c:/progra~2/gnuarm~1/102020~1/bin/../lib/gcc/arm-none-eabi/10.2.1/../../../../arm-none-eabi/lib/thumb/v7e-m/nofp\libg.a(lib_a-init.o)
 .ARM.attributes
                0x0000034d       0x1c c:/progra~2/gnuarm~1/102020~1/bin/../lib/gcc/arm-none-eabi/10.2.1/../../../../arm-none-eabi/lib/thumb/v7e-m/nofp\libg.a(lib_a-memcpy.o)
 .ARM.attributes
                0x00000369       0x2e c:/progra~2/gnuarm~1/102020~1/bin/../lib/gcc/arm-none-eabi/10.2.1/../../../../arm-none-eabi/lib/thumb/v7e-m/nofp\libg.a(lib_a-memset.o)
 .ARM.attributes
                0x00000397       0x2e c:/progra~2/gnuarm~1/102020~1/bin/../lib/gcc/arm-none-eabi/10.2.1/../../../../arm-none-eabi/lib/thumb/v7e-m/nofp\libg.a(lib_a-__call_atexit.o)
 .ARM.attributes
                0x000003c5       0x2e c:/progra~2/gnuarm~1/102020~1/bin/../lib/gcc/arm-none-eabi/10.2.1/../../../../arm-none-eabi/lib/thumb/v7e-m/nofp\libg.a(lib_a-atexit.o)
 .ARM.attributes
                0x000003f3       0x2e c:/progra~2/gnuarm~1/102020~1/bin/../lib/gcc/arm-none-eabi/10.2.1/../../../../arm-none-eabi/lib/thumb/v7e-m/nofp\libg.a(lib_a-fini.o)
 .ARM.attributes
                0x00000421       0x2e c:/progra~2/gnuarm~1/102020~1/bin/../lib/gcc/arm-none-eabi/10.2.1/../../../../arm-none-eabi/lib/thumb/v7e-m/nofp\libg.a(lib_a-lock.o)
 .ARM.attributes
                0x0000044f       0x2e c:/progra~2/gnuarm~1/102020~1/bin/../lib/gcc/arm-none-eabi/10.2.1/../../../../arm-none-eabi/lib/thumb/v7e-m/nofp\libg.a(lib_a-__atexit.o)
 .ARM.attributes
                0x0000047d       0x1e c:/progra~2/gnuarm~1/102020~1/bin/../lib/gcc/arm-none-eabi/10.2.1/thumb/v7e-m/nofp/crtn.o
OUTPUT(GPSLogger2.elf elf32-littlearm)
LOAD linker stubs
LOAD c:/progra~2/gnuarm~1/102020~1/bin/../lib/gcc/arm-none-eabi/10.2.1/../../../../arm-none-eabi/lib/thumb/v7e-m/nofp\libc.a
LOAD c:/progra~2/gnuarm~1/102020~1/bin/../lib/gcc/arm-none-eabi/10.2.1/../../../../arm-none-eabi/lib/thumb/v7e-m/nofp\libm.a
LOAD c:/progra~2/gnuarm~1/102020~1/bin/../lib/gcc/arm-none-eabi/10.2.1/thumb/v7e-m/nofp\libgcc.a

.debug_info     0x00000000     0xaefa
 .debug_info    0x00000000     0x116c CMakeFiles/GPSLogger2.elf.dir/Core/Src/main.c.obj
 .debug_info    0x0000116c      0xe5d CMakeFiles/GPSLogger2.elf.dir/Core/Src/stm32f3xx_hal_msp.c.obj
 .debug_info    0x00001fc9      0x70e CMakeFiles/GPSLogger2.elf.dir/Core/Src/stm32f3xx_it.c.obj
 .debug_info    0x000026d7      0x257 CMakeFiles/GPSLogger2.elf.dir/Core/Src/system_stm32f3xx.c.obj
 .debug_info    0x0000292e       0x22 CMakeFiles/GPSLogger2.elf.dir/Core/Startup/startup_stm32f302r8tx.s.obj
 .debug_info    0x00002950      0x750 CMakeFiles/GPSLogger2.elf.dir/Drivers/STM32F3xx_HAL_Driver/Src/stm32f3xx_hal.c.obj
 .debug_info    0x000030a0      0xb46 CMakeFiles/GPSLogger2.elf.dir/Drivers/STM32F3xx_HAL_Driver/Src/stm32f3xx_hal_cortex.c.obj
 .debug_info    0x00003be6      0x746 CMakeFiles/GPSLogger2.elf.dir/Drivers/STM32F3xx_HAL_Driver/Src/stm32f3xx_hal_dma.c.obj
 .debug_info    0x0000432c      0x686 CMakeFiles/GPSLogger2.elf.dir/Drivers/STM32F3xx_HAL_Driver/Src/stm32f3xx_hal_gpio.c.obj
 .debug_info    0x000049b2     0x20e9 CMakeFiles/GPSLogger2.elf.dir/Drivers/STM32F3xx_HAL_Driver/Src/stm32f3xx_hal_i2c.c.obj
 .debug_info    0x00006a9b      0x88d CMakeFiles/GPSLogger2.elf.dir/Drivers/STM32F3xx_HAL_Driver/Src/stm32f3xx_hal_i2c_ex.c.obj
 .debug_info    0x00007328     0x153a CMakeFiles/GPSLogger2.elf.dir/Drivers/STM32F3xx_HAL_Driver/Src/stm32f3xx_hal_rcc.c.obj
 .debug_info    0x00008862      0x5a2 CMakeFiles/GPSLogger2.elf.dir/Drivers/STM32F3xx_HAL_Driver/Src/stm32f3xx_hal_rcc_ex.c.obj
 .debug_info    0x00008e04     0x171b CMakeFiles/GPSLogger2.elf.dir/Drivers/STM32F3xx_HAL_Driver/Src/stm32f3xx_hal_uart.c.obj
 .debug_info    0x0000a51f      0x9db CMakeFiles/GPSLogger2.elf.dir/Drivers/STM32F3xx_HAL_Driver/Src/stm32f3xx_hal_uart_ex.c.obj

.debug_abbrev   0x00000000     0x1b23
 .debug_abbrev  0x00000000      0x26b CMakeFiles/GPSLogger2.elf.dir/Core/Src/main.c.obj
 .debug_abbrev  0x0000026b      0x1a3 CMakeFiles/GPSLogger2.elf.dir/Core/Src/stm32f3xx_hal_msp.c.obj
 .debug_abbrev  0x0000040e      0x134 CMakeFiles/GPSLogger2.elf.dir/Core/Src/stm32f3xx_it.c.obj
 .debug_abbrev  0x00000542      0x113 CMakeFiles/GPSLogger2.elf.dir/Core/Src/system_stm32f3xx.c.obj
 .debug_abbrev  0x00000655       0x12 CMakeFiles/GPSLogger2.elf.dir/Core/Startup/startup_stm32f302r8tx.s.obj
 .debug_abbrev  0x00000667      0x1d8 CMakeFiles/GPSLogger2.elf.dir/Drivers/STM32F3xx_HAL_Driver/Src/stm32f3xx_hal.c.obj
 .debug_abbrev  0x0000083f      0x2ea CMakeFiles/GPSLogger2.elf.dir/Drivers/STM32F3xx_HAL_Driver/Src/stm32f3xx_hal_cortex.c.obj
 .debug_abbrev  0x00000b29      0x1e6 CMakeFiles/GPSLogger2.elf.dir/Drivers/STM32F3xx_HAL_Driver/Src/stm32f3xx_hal_dma.c.obj
 .debug_abbrev  0x00000d0f      0x1b8 CMakeFiles/GPSLogger2.elf.dir/Drivers/STM32F3xx_HAL_Driver/Src/stm32f3xx_hal_gpio.c.obj
 .debug_abbrev  0x00000ec7      0x214 CMakeFiles/GPSLogger2.elf.dir/Drivers/STM32F3xx_HAL_Driver/Src/stm32f3xx_hal_i2c.c.obj
 .debug_abbrev  0x000010db      0x1ad CMakeFiles/GPSLogger2.elf.dir/Drivers/STM32F3xx_HAL_Driver/Src/stm32f3xx_hal_i2c_ex.c.obj
 .debug_abbrev  0x00001288      0x2c1 CMakeFiles/GPSLogger2.elf.dir/Drivers/STM32F3xx_HAL_Driver/Src/stm32f3xx_hal_rcc.c.obj
 .debug_abbrev  0x00001549      0x20e CMakeFiles/GPSLogger2.elf.dir/Drivers/STM32F3xx_HAL_Driver/Src/stm32f3xx_hal_rcc_ex.c.obj
 .debug_abbrev  0x00001757      0x204 CMakeFiles/GPSLogger2.elf.dir/Drivers/STM32F3xx_HAL_Driver/Src/stm32f3xx_hal_uart.c.obj
 .debug_abbrev  0x0000195b      0x1c8 CMakeFiles/GPSLogger2.elf.dir/Drivers/STM32F3xx_HAL_Driver/Src/stm32f3xx_hal_uart_ex.c.obj

.debug_aranges  0x00000000      0xa48
 .debug_aranges
                0x00000000       0x60 CMakeFiles/GPSLogger2.elf.dir/Core/Src/main.c.obj
 .debug_aranges
                0x00000060       0x40 CMakeFiles/GPSLogger2.elf.dir/Core/Src/stm32f3xx_hal_msp.c.obj
 .debug_aranges
                0x000000a0       0x70 CMakeFiles/GPSLogger2.elf.dir/Core/Src/stm32f3xx_it.c.obj
 .debug_aranges
                0x00000110       0x28 CMakeFiles/GPSLogger2.elf.dir/Core/Src/system_stm32f3xx.c.obj
 .debug_aranges
                0x00000138       0x28 CMakeFiles/GPSLogger2.elf.dir/Core/Startup/startup_stm32f302r8tx.s.obj
 .debug_aranges
                0x00000160       0xe0 CMakeFiles/GPSLogger2.elf.dir/Drivers/STM32F3xx_HAL_Driver/Src/stm32f3xx_hal.c.obj
 .debug_aranges
                0x00000240      0x100 CMakeFiles/GPSLogger2.elf.dir/Drivers/STM32F3xx_HAL_Driver/Src/stm32f3xx_hal_cortex.c.obj
 .debug_aranges
                0x00000340       0x88 CMakeFiles/GPSLogger2.elf.dir/Drivers/STM32F3xx_HAL_Driver/Src/stm32f3xx_hal_dma.c.obj
 .debug_aranges
                0x000003c8       0x58 CMakeFiles/GPSLogger2.elf.dir/Drivers/STM32F3xx_HAL_Driver/Src/stm32f3xx_hal_gpio.c.obj
 .debug_aranges
                0x00000420      0x290 CMakeFiles/GPSLogger2.elf.dir/Drivers/STM32F3xx_HAL_Driver/Src/stm32f3xx_hal_i2c.c.obj
 .debug_aranges
                0x000006b0       0x48 CMakeFiles/GPSLogger2.elf.dir/Drivers/STM32F3xx_HAL_Driver/Src/stm32f3xx_hal_i2c_ex.c.obj
 .debug_aranges
                0x000006f8       0x88 CMakeFiles/GPSLogger2.elf.dir/Drivers/STM32F3xx_HAL_Driver/Src/stm32f3xx_hal_rcc.c.obj
 .debug_aranges
                0x00000780       0x38 CMakeFiles/GPSLogger2.elf.dir/Drivers/STM32F3xx_HAL_Driver/Src/stm32f3xx_hal_rcc_ex.c.obj
 .debug_aranges
                0x000007b8      0x228 CMakeFiles/GPSLogger2.elf.dir/Drivers/STM32F3xx_HAL_Driver/Src/stm32f3xx_hal_uart.c.obj
 .debug_aranges
                0x000009e0       0x68 CMakeFiles/GPSLogger2.elf.dir/Drivers/STM32F3xx_HAL_Driver/Src/stm32f3xx_hal_uart_ex.c.obj

.debug_ranges   0x00000000      0x990
 .debug_ranges  0x00000000       0x50 CMakeFiles/GPSLogger2.elf.dir/Core/Src/main.c.obj
 .debug_ranges  0x00000050       0x30 CMakeFiles/GPSLogger2.elf.dir/Core/Src/stm32f3xx_hal_msp.c.obj
 .debug_ranges  0x00000080       0x60 CMakeFiles/GPSLogger2.elf.dir/Core/Src/stm32f3xx_it.c.obj
 .debug_ranges  0x000000e0       0x18 CMakeFiles/GPSLogger2.elf.dir/Core/Src/system_stm32f3xx.c.obj
 .debug_ranges  0x000000f8       0x20 CMakeFiles/GPSLogger2.elf.dir/Core/Startup/startup_stm32f302r8tx.s.obj
 .debug_ranges  0x00000118       0xd0 CMakeFiles/GPSLogger2.elf.dir/Drivers/STM32F3xx_HAL_Driver/Src/stm32f3xx_hal.c.obj
 .debug_ranges  0x000001e8       0xf0 CMakeFiles/GPSLogger2.elf.dir/Drivers/STM32F3xx_HAL_Driver/Src/stm32f3xx_hal_cortex.c.obj
 .debug_ranges  0x000002d8       0x78 CMakeFiles/GPSLogger2.elf.dir/Drivers/STM32F3xx_HAL_Driver/Src/stm32f3xx_hal_dma.c.obj
 .debug_ranges  0x00000350       0x48 CMakeFiles/GPSLogger2.elf.dir/Drivers/STM32F3xx_HAL_Driver/Src/stm32f3xx_hal_gpio.c.obj
 .debug_ranges  0x00000398      0x280 CMakeFiles/GPSLogger2.elf.dir/Drivers/STM32F3xx_HAL_Driver/Src/stm32f3xx_hal_i2c.c.obj
 .debug_ranges  0x00000618       0x38 CMakeFiles/GPSLogger2.elf.dir/Drivers/STM32F3xx_HAL_Driver/Src/stm32f3xx_hal_i2c_ex.c.obj
 .debug_ranges  0x00000650       0x78 CMakeFiles/GPSLogger2.elf.dir/Drivers/STM32F3xx_HAL_Driver/Src/stm32f3xx_hal_rcc.c.obj
 .debug_ranges  0x000006c8       0x28 CMakeFiles/GPSLogger2.elf.dir/Drivers/STM32F3xx_HAL_Driver/Src/stm32f3xx_hal_rcc_ex.c.obj
 .debug_ranges  0x000006f0      0x248 CMakeFiles/GPSLogger2.elf.dir/Drivers/STM32F3xx_HAL_Driver/Src/stm32f3xx_hal_uart.c.obj
 .debug_ranges  0x00000938       0x58 CMakeFiles/GPSLogger2.elf.dir/Drivers/STM32F3xx_HAL_Driver/Src/stm32f3xx_hal_uart_ex.c.obj

.debug_line     0x00000000     0x8cc9
 .debug_line    0x00000000      0x4fe CMakeFiles/GPSLogger2.elf.dir/Core/Src/main.c.obj
 .debug_line    0x000004fe      0x342 CMakeFiles/GPSLogger2.elf.dir/Core/Src/stm32f3xx_hal_msp.c.obj
 .debug_line    0x00000840      0x2ee CMakeFiles/GPSLogger2.elf.dir/Core/Src/stm32f3xx_it.c.obj
 .debug_line    0x00000b2e      0x20f CMakeFiles/GPSLogger2.elf.dir/Core/Src/system_stm32f3xx.c.obj
 .debug_line    0x00000d3d       0xb0 CMakeFiles/GPSLogger2.elf.dir/Core/Startup/startup_stm32f302r8tx.s.obj
 .debug_line    0x00000ded      0x50c CMakeFiles/GPSLogger2.elf.dir/Drivers/STM32F3xx_HAL_Driver/Src/stm32f3xx_hal.c.obj
 .debug_line    0x000012f9      0x677 CMakeFiles/GPSLogger2.elf.dir/Drivers/STM32F3xx_HAL_Driver/Src/stm32f3xx_hal_cortex.c.obj
 .debug_line    0x00001970      0x7a8 CMakeFiles/GPSLogger2.elf.dir/Drivers/STM32F3xx_HAL_Driver/Src/stm32f3xx_hal_dma.c.obj
 .debug_line    0x00002118      0x603 CMakeFiles/GPSLogger2.elf.dir/Drivers/STM32F3xx_HAL_Driver/Src/stm32f3xx_hal_gpio.c.obj
 .debug_line    0x0000271b     0x2de6 CMakeFiles/GPSLogger2.elf.dir/Drivers/STM32F3xx_HAL_Driver/Src/stm32f3xx_hal_i2c.c.obj
 .debug_line    0x00005501      0x434 CMakeFiles/GPSLogger2.elf.dir/Drivers/STM32F3xx_HAL_Driver/Src/stm32f3xx_hal_i2c_ex.c.obj
 .debug_line    0x00005935      0xf29 CMakeFiles/GPSLogger2.elf.dir/Drivers/STM32F3xx_HAL_Driver/Src/stm32f3xx_hal_rcc.c.obj
 .debug_line    0x0000685e      0x761 CMakeFiles/GPSLogger2.elf.dir/Drivers/STM32F3xx_HAL_Driver/Src/stm32f3xx_hal_rcc_ex.c.obj
 .debug_line    0x00006fbf     0x1756 CMakeFiles/GPSLogger2.elf.dir/Drivers/STM32F3xx_HAL_Driver/Src/stm32f3xx_hal_uart.c.obj
 .debug_line    0x00008715      0x5b4 CMakeFiles/GPSLogger2.elf.dir/Drivers/STM32F3xx_HAL_Driver/Src/stm32f3xx_hal_uart_ex.c.obj

.debug_str      0x00000000     0x339c
 .debug_str     0x00000000      0xf4b CMakeFiles/GPSLogger2.elf.dir/Core/Src/main.c.obj
                               0x1021 (size before relaxing)
 .debug_str     0x00000f4b       0x9f CMakeFiles/GPSLogger2.elf.dir/Core/Src/stm32f3xx_hal_msp.c.obj
                                0xd41 (size before relaxing)
 .debug_str     0x00000fea       0xfe CMakeFiles/GPSLogger2.elf.dir/Core/Src/stm32f3xx_it.c.obj
                                0x6cc (size before relaxing)
 .debug_str     0x000010e8       0xb3 CMakeFiles/GPSLogger2.elf.dir/Core/Src/system_stm32f3xx.c.obj
                                0x2be (size before relaxing)
 .debug_str     0x0000119b       0x5e CMakeFiles/GPSLogger2.elf.dir/Core/Startup/startup_stm32f302r8tx.s.obj
                                 0x9b (size before relaxing)
 .debug_str     0x000011f9      0x317 CMakeFiles/GPSLogger2.elf.dir/Drivers/STM32F3xx_HAL_Driver/Src/stm32f3xx_hal.c.obj
                                0x8c9 (size before relaxing)
 .debug_str     0x00001510      0x432 CMakeFiles/GPSLogger2.elf.dir/Drivers/STM32F3xx_HAL_Driver/Src/stm32f3xx_hal_cortex.c.obj
                                0x99b (size before relaxing)
 .debug_str     0x00001942      0x275 CMakeFiles/GPSLogger2.elf.dir/Drivers/STM32F3xx_HAL_Driver/Src/stm32f3xx_hal_dma.c.obj
                                0x658 (size before relaxing)
 .debug_str     0x00001bb7      0x186 CMakeFiles/GPSLogger2.elf.dir/Drivers/STM32F3xx_HAL_Driver/Src/stm32f3xx_hal_gpio.c.obj
                                0x480 (size before relaxing)
 .debug_str     0x00001d3d      0x8a7 CMakeFiles/GPSLogger2.elf.dir/Drivers/STM32F3xx_HAL_Driver/Src/stm32f3xx_hal_i2c.c.obj
                                0xf8b (size before relaxing)
 .debug_str     0x000025e4      0x11b CMakeFiles/GPSLogger2.elf.dir/Drivers/STM32F3xx_HAL_Driver/Src/stm32f3xx_hal_i2c_ex.c.obj
                                0x830 (size before relaxing)
 .debug_str     0x000026ff      0x23f CMakeFiles/GPSLogger2.elf.dir/Drivers/STM32F3xx_HAL_Driver/Src/stm32f3xx_hal_rcc.c.obj
                                0x69d (size before relaxing)
 .debug_str     0x0000293e      0x100 CMakeFiles/GPSLogger2.elf.dir/Drivers/STM32F3xx_HAL_Driver/Src/stm32f3xx_hal_rcc_ex.c.obj
                                0x507 (size before relaxing)
 .debug_str     0x00002a3e      0x775 CMakeFiles/GPSLogger2.elf.dir/Drivers/STM32F3xx_HAL_Driver/Src/stm32f3xx_hal_uart.c.obj
                                0xe52 (size before relaxing)
 .debug_str     0x000031b3      0x1e9 CMakeFiles/GPSLogger2.elf.dir/Drivers/STM32F3xx_HAL_Driver/Src/stm32f3xx_hal_uart_ex.c.obj
                                0x834 (size before relaxing)

.comment        0x00000000       0x4d
 .comment       0x00000000       0x4d CMakeFiles/GPSLogger2.elf.dir/Core/Src/main.c.obj
                                 0x4e (size before relaxing)
 .comment       0x0000004d       0x4e CMakeFiles/GPSLogger2.elf.dir/Core/Src/stm32f3xx_hal_msp.c.obj
 .comment       0x0000004d       0x4e CMakeFiles/GPSLogger2.elf.dir/Core/Src/stm32f3xx_it.c.obj
 .comment       0x0000004d       0x4e CMakeFiles/GPSLogger2.elf.dir/Core/Src/system_stm32f3xx.c.obj
 .comment       0x0000004d       0x4e CMakeFiles/GPSLogger2.elf.dir/Drivers/STM32F3xx_HAL_Driver/Src/stm32f3xx_hal.c.obj
 .comment       0x0000004d       0x4e CMakeFiles/GPSLogger2.elf.dir/Drivers/STM32F3xx_HAL_Driver/Src/stm32f3xx_hal_cortex.c.obj
 .comment       0x0000004d       0x4e CMakeFiles/GPSLogger2.elf.dir/Drivers/STM32F3xx_HAL_Driver/Src/stm32f3xx_hal_dma.c.obj
 .comment       0x0000004d       0x4e CMakeFiles/GPSLogger2.elf.dir/Drivers/STM32F3xx_HAL_Driver/Src/stm32f3xx_hal_gpio.c.obj
 .comment       0x0000004d       0x4e CMakeFiles/GPSLogger2.elf.dir/Drivers/STM32F3xx_HAL_Driver/Src/stm32f3xx_hal_i2c.c.obj
 .comment       0x0000004d       0x4e CMakeFiles/GPSLogger2.elf.dir/Drivers/STM32F3xx_HAL_Driver/Src/stm32f3xx_hal_i2c_ex.c.obj
 .comment       0x0000004d       0x4e CMakeFiles/GPSLogger2.elf.dir/Drivers/STM32F3xx_HAL_Driver/Src/stm32f3xx_hal_rcc.c.obj
 .comment       0x0000004d       0x4e CMakeFiles/GPSLogger2.elf.dir/Drivers/STM32F3xx_HAL_Driver/Src/stm32f3xx_hal_rcc_ex.c.obj
 .comment       0x0000004d       0x4e CMakeFiles/GPSLogger2.elf.dir/Drivers/STM32F3xx_HAL_Driver/Src/stm32f3xx_hal_uart.c.obj
 .comment       0x0000004d       0x4e CMakeFiles/GPSLogger2.elf.dir/Drivers/STM32F3xx_HAL_Driver/Src/stm32f3xx_hal_uart_ex.c.obj

.debug_frame    0x00000000     0x2b58
 .debug_frame   0x00000000      0x128 CMakeFiles/GPSLogger2.elf.dir/Core/Src/main.c.obj
 .debug_frame   0x00000128       0xc4 CMakeFiles/GPSLogger2.elf.dir/Core/Src/stm32f3xx_hal_msp.c.obj
 .debug_frame   0x000001ec      0x13c CMakeFiles/GPSLogger2.elf.dir/Core/Src/stm32f3xx_it.c.obj
 .debug_frame   0x00000328       0x58 CMakeFiles/GPSLogger2.elf.dir/Core/Src/system_stm32f3xx.c.obj
 .debug_frame   0x00000380      0x334 CMakeFiles/GPSLogger2.elf.dir/Drivers/STM32F3xx_HAL_Driver/Src/stm32f3xx_hal.c.obj
 .debug_frame   0x000006b4      0x428 CMakeFiles/GPSLogger2.elf.dir/Drivers/STM32F3xx_HAL_Driver/Src/stm32f3xx_hal_cortex.c.obj
 .debug_frame   0x00000adc      0x224 CMakeFiles/GPSLogger2.elf.dir/Drivers/STM32F3xx_HAL_Driver/Src/stm32f3xx_hal_dma.c.obj
 .debug_frame   0x00000d00      0x14c CMakeFiles/GPSLogger2.elf.dir/Drivers/STM32F3xx_HAL_Driver/Src/stm32f3xx_hal_gpio.c.obj
 .debug_frame   0x00000e4c      0xbe8 CMakeFiles/GPSLogger2.elf.dir/Drivers/STM32F3xx_HAL_Driver/Src/stm32f3xx_hal_i2c.c.obj
 .debug_frame   0x00001a34      0x100 CMakeFiles/GPSLogger2.elf.dir/Drivers/STM32F3xx_HAL_Driver/Src/stm32f3xx_hal_i2c_ex.c.obj
 .debug_frame   0x00001b34      0x214 CMakeFiles/GPSLogger2.elf.dir/Drivers/STM32F3xx_HAL_Driver/Src/stm32f3xx_hal_rcc.c.obj
 .debug_frame   0x00001d48       0xb4 CMakeFiles/GPSLogger2.elf.dir/Drivers/STM32F3xx_HAL_Driver/Src/stm32f3xx_hal_rcc_ex.c.obj
 .debug_frame   0x00001dfc      0x9e0 CMakeFiles/GPSLogger2.elf.dir/Drivers/STM32F3xx_HAL_Driver/Src/stm32f3xx_hal_uart.c.obj
 .debug_frame   0x000027dc      0x190 CMakeFiles/GPSLogger2.elf.dir/Drivers/STM32F3xx_HAL_Driver/Src/stm32f3xx_hal_uart_ex.c.obj
 .debug_frame   0x0000296c       0x2c c:/progra~2/gnuarm~1/102020~1/bin/../lib/gcc/arm-none-eabi/10.2.1/../../../../arm-none-eabi/lib/thumb/v7e-m/nofp\libg.a(lib_a-init.o)
 .debug_frame   0x00002998       0x2c c:/progra~2/gnuarm~1/102020~1/bin/../lib/gcc/arm-none-eabi/10.2.1/../../../../arm-none-eabi/lib/thumb/v7e-m/nofp\libg.a(lib_a-memset.o)
 .debug_frame   0x000029c4       0x5c c:/progra~2/gnuarm~1/102020~1/bin/../lib/gcc/arm-none-eabi/10.2.1/../../../../arm-none-eabi/lib/thumb/v7e-m/nofp\libg.a(lib_a-__call_atexit.o)
 .debug_frame   0x00002a20       0x20 c:/progra~2/gnuarm~1/102020~1/bin/../lib/gcc/arm-none-eabi/10.2.1/../../../../arm-none-eabi/lib/thumb/v7e-m/nofp\libg.a(lib_a-atexit.o)
 .debug_frame   0x00002a40       0x34 c:/progra~2/gnuarm~1/102020~1/bin/../lib/gcc/arm-none-eabi/10.2.1/../../../../arm-none-eabi/lib/thumb/v7e-m/nofp\libg.a(lib_a-fini.o)
 .debug_frame   0x00002a74       0xb0 c:/progra~2/gnuarm~1/102020~1/bin/../lib/gcc/arm-none-eabi/10.2.1/../../../../arm-none-eabi/lib/thumb/v7e-m/nofp\libg.a(lib_a-lock.o)
 .debug_frame   0x00002b24       0x34 c:/progra~2/gnuarm~1/102020~1/bin/../lib/gcc/arm-none-eabi/10.2.1/../../../../arm-none-eabi/lib/thumb/v7e-m/nofp\libg.a(lib_a-__atexit.o)
