Archive member included to satisfy reference by file (symbol)

c:/progra~2/gnuarm~1/102020~1/bin/../lib/gcc/arm-none-eabi/10.2.1/../../../../arm-none-eabi/lib/thumb/v7e-m/nofp\libg.a(lib_a-errno.o)
                              CMakeFiles/GPSLogger2.elf.dir/Core/Src/syscalls.c.obj (__errno)
c:/progra~2/gnuarm~1/102020~1/bin/../lib/gcc/arm-none-eabi/10.2.1/../../../../arm-none-eabi/lib/thumb/v7e-m/nofp\libg.a(lib_a-exit.o)
                              c:/progra~2/gnuarm~1/102020~1/bin/../lib/gcc/arm-none-eabi/10.2.1/../../../../arm-none-eabi/lib/thumb/v7e-m/nofp/crt0.o (exit)
c:/progra~2/gnuarm~1/102020~1/bin/../lib/gcc/arm-none-eabi/10.2.1/../../../../arm-none-eabi/lib/thumb/v7e-m/nofp\libg.a(lib_a-impure.o)
                              c:/progra~2/gnuarm~1/102020~1/bin/../lib/gcc/arm-none-eabi/10.2.1/../../../../arm-none-eabi/lib/thumb/v7e-m/nofp\libg.a(lib_a-exit.o) (_global_impure_ptr)
c:/progra~2/gnuarm~1/102020~1/bin/../lib/gcc/arm-none-eabi/10.2.1/../../../../arm-none-eabi/lib/thumb/v7e-m/nofp\libg.a(lib_a-init.o)
                              c:/progra~2/gnuarm~1/102020~1/bin/../lib/gcc/arm-none-eabi/10.2.1/../../../../arm-none-eabi/lib/thumb/v7e-m/nofp/crt0.o (__libc_init_array)
c:/progra~2/gnuarm~1/102020~1/bin/../lib/gcc/arm-none-eabi/10.2.1/../../../../arm-none-eabi/lib/thumb/v7e-m/nofp\libg.a(lib_a-memset.o)
                              c:/progra~2/gnuarm~1/102020~1/bin/../lib/gcc/arm-none-eabi/10.2.1/../../../../arm-none-eabi/lib/thumb/v7e-m/nofp/crt0.o (memset)
c:/progra~2/gnuarm~1/102020~1/bin/../lib/gcc/arm-none-eabi/10.2.1/../../../../arm-none-eabi/lib/thumb/v7e-m/nofp\libg.a(lib_a-__call_atexit.o)
                              c:/progra~2/gnuarm~1/102020~1/bin/../lib/gcc/arm-none-eabi/10.2.1/../../../../arm-none-eabi/lib/thumb/v7e-m/nofp\libg.a(lib_a-exit.o) (__call_exitprocs)
c:/progra~2/gnuarm~1/102020~1/bin/../lib/gcc/arm-none-eabi/10.2.1/../../../../arm-none-eabi/lib/thumb/v7e-m/nofp\libg.a(lib_a-atexit.o)
                              c:/progra~2/gnuarm~1/102020~1/bin/../lib/gcc/arm-none-eabi/10.2.1/../../../../arm-none-eabi/lib/thumb/v7e-m/nofp\libg.a(lib_a-__call_atexit.o) (atexit)
c:/progra~2/gnuarm~1/102020~1/bin/../lib/gcc/arm-none-eabi/10.2.1/../../../../arm-none-eabi/lib/thumb/v7e-m/nofp\libg.a(lib_a-fini.o)
                              c:/progra~2/gnuarm~1/102020~1/bin/../lib/gcc/arm-none-eabi/10.2.1/../../../../arm-none-eabi/lib/thumb/v7e-m/nofp\libg.a(lib_a-__call_atexit.o) (__libc_fini_array)
c:/progra~2/gnuarm~1/102020~1/bin/../lib/gcc/arm-none-eabi/10.2.1/../../../../arm-none-eabi/lib/thumb/v7e-m/nofp\libg.a(lib_a-lock.o)
                              c:/progra~2/gnuarm~1/102020~1/bin/../lib/gcc/arm-none-eabi/10.2.1/../../../../arm-none-eabi/lib/thumb/v7e-m/nofp\libg.a(lib_a-__call_atexit.o) (__retarget_lock_acquire_recursive)
c:/progra~2/gnuarm~1/102020~1/bin/../lib/gcc/arm-none-eabi/10.2.1/../../../../arm-none-eabi/lib/thumb/v7e-m/nofp\libg.a(lib_a-__atexit.o)
                              c:/progra~2/gnuarm~1/102020~1/bin/../lib/gcc/arm-none-eabi/10.2.1/../../../../arm-none-eabi/lib/thumb/v7e-m/nofp\libg.a(lib_a-atexit.o) (__register_exitproc)

Discarded input sections

 .text          0x00000000        0x0 c:/progra~2/gnuarm~1/102020~1/bin/../lib/gcc/arm-none-eabi/10.2.1/thumb/v7e-m/nofp/crti.o
 .data          0x00000000        0x0 c:/progra~2/gnuarm~1/102020~1/bin/../lib/gcc/arm-none-eabi/10.2.1/thumb/v7e-m/nofp/crti.o
 .bss           0x00000000        0x0 c:/progra~2/gnuarm~1/102020~1/bin/../lib/gcc/arm-none-eabi/10.2.1/thumb/v7e-m/nofp/crti.o
 .data          0x00000000        0x4 c:/progra~2/gnuarm~1/102020~1/bin/../lib/gcc/arm-none-eabi/10.2.1/thumb/v7e-m/nofp/crtbegin.o
 .rodata        0x00000000       0x24 c:/progra~2/gnuarm~1/102020~1/bin/../lib/gcc/arm-none-eabi/10.2.1/thumb/v7e-m/nofp/crtbegin.o
 .text          0x00000000       0x7c c:/progra~2/gnuarm~1/102020~1/bin/../lib/gcc/arm-none-eabi/10.2.1/../../../../arm-none-eabi/lib/thumb/v7e-m/nofp/crt0.o
 .data          0x00000000        0x0 c:/progra~2/gnuarm~1/102020~1/bin/../lib/gcc/arm-none-eabi/10.2.1/../../../../arm-none-eabi/lib/thumb/v7e-m/nofp/crt0.o
 .bss           0x00000000        0x0 c:/progra~2/gnuarm~1/102020~1/bin/../lib/gcc/arm-none-eabi/10.2.1/../../../../arm-none-eabi/lib/thumb/v7e-m/nofp/crt0.o
 .ARM.extab     0x00000000        0x0 c:/progra~2/gnuarm~1/102020~1/bin/../lib/gcc/arm-none-eabi/10.2.1/../../../../arm-none-eabi/lib/thumb/v7e-m/nofp/crt0.o
 .ARM.exidx     0x00000000       0x10 c:/progra~2/gnuarm~1/102020~1/bin/../lib/gcc/arm-none-eabi/10.2.1/../../../../arm-none-eabi/lib/thumb/v7e-m/nofp/crt0.o
 .ARM.attributes
                0x00000000       0x1c c:/progra~2/gnuarm~1/102020~1/bin/../lib/gcc/arm-none-eabi/10.2.1/../../../../arm-none-eabi/lib/thumb/v7e-m/nofp/crt0.o
 .text          0x00000000        0x0 CMakeFiles/GPSLogger2.elf.dir/Core/Src/main.c.obj
 .data          0x00000000        0x0 CMakeFiles/GPSLogger2.elf.dir/Core/Src/main.c.obj
[...]
Memory Configuration

Name             Origin             Length             Attributes
RAM              0x20000000         0x00004000         xrw
FLASH            0x08000000         0x00010000         xr
*default*        0x00000000         0xffffffff

Linker script and memory map

LOAD c:/progra~2/gnuarm~1/102020~1/bin/../lib/gcc/arm-none-eabi/10.2.1/thumb/v7e-m/nofp/crti.o
LOAD c:/progra~2/gnuarm~1/102020~1/bin/../lib/gcc/arm-none-eabi/10.2.1/thumb/v7e-m/nofp/crtbegin.o
LOAD c:/progra~2/gnuarm~1/102020~1/bin/../lib/gcc/arm-none-eabi/10.2.1/../../../../arm-none-eabi/lib/thumb/v7e-m/nofp/crt0.o
LOAD CMakeFiles/GPSLogger2.elf.dir/Core/Src/main.c.obj
LOAD CMakeFiles/GPSLogger2.elf.dir/Core/Src/stm32f3xx_hal_msp.c.obj
LOAD CMakeFiles/GPSLogger2.elf.dir/Core/Src/stm32f3xx_it.c.obj
LOAD CMakeFiles/GPSLogger2.elf.dir/Core/Src/syscalls.c.obj
LOAD CMakeFiles/GPSLogger2.elf.dir/Core/Src/sysmem.c.obj
LOAD CMakeFiles/GPSLogger2.elf.dir/Core/Src/system_stm32f3xx.c.obj
LOAD CMakeFiles/GPSLogger2.elf.dir/Core/Startup/startup_stm32f302r8tx.s.obj
LOAD CMakeFiles/GPSLogger2.elf.dir/Drivers/STM32F3xx_HAL_Driver/Src/stm32f3xx_hal.c.obj
LOAD CMakeFiles/GPSLogger2.elf.dir/Drivers/STM32F3xx_HAL_Driver/Src/stm32f3xx_hal_cortex.c.obj
LOAD CMakeFiles/GPSLogger2.elf.dir/Drivers/STM32F3xx_HAL_Driver/Src/stm32f3xx_hal_dma.c.obj
LOAD CMakeFiles/GPSLogger2.elf.dir/Drivers/STM32F3xx_HAL_Driver/Src/stm32f3xx_hal_exti.c.obj
LOAD CMakeFiles/GPSLogger2.elf.dir/Drivers/STM32F3xx_HAL_Driver/Src/stm32f3xx_hal_flash.c.obj
LOAD CMakeFiles/GPSLogger2.elf.dir/Drivers/STM32F3xx_HAL_Driver/Src/stm32f3xx_hal_flash_ex.c.obj
LOAD CMakeFiles/GPSLogger2.elf.dir/Drivers/STM32F3xx_HAL_Driver/Src/stm32f3xx_hal_gpio.c.obj
LOAD CMakeFiles/GPSLogger2.elf.dir/Drivers/STM32F3xx_HAL_Driver/Src/stm32f3xx_hal_i2c.c.obj
LOAD CMakeFiles/GPSLogger2.elf.dir/Drivers/STM32F3xx_HAL_Driver/Src/stm32f3xx_hal_i2c_ex.c.obj
LOAD CMakeFiles/GPSLogger2.elf.dir/Drivers/STM32F3xx_HAL_Driver/Src/stm32f3xx_hal_pwr.c.obj
LOAD CMakeFiles/GPSLogger2.elf.dir/Drivers/STM32F3xx_HAL_Driver/Src/stm32f3xx_hal_pwr_ex.c.obj
LOAD CMakeFiles/GPSLogger2.elf.dir/Drivers/STM32F3xx_HAL_Driver/Src/stm32f3xx_hal_rcc.c.obj
LOAD CMakeFiles/GPSLogger2.elf.dir/Drivers/STM32F3xx_HAL_Driver/Src/stm32f3xx_hal_rcc_ex.c.obj
LOAD CMakeFiles/GPSLogger2.elf.dir/Drivers/STM32F3xx_HAL_Driver/Src/stm32f3xx_hal_tim.c.obj
LOAD CMakeFiles/GPSLogger2.elf.dir/Drivers/STM32F3xx_HAL_Driver/Src/stm32f3xx_hal_tim_ex.c.obj
LOAD CMakeFiles/GPSLogger2.elf.dir/Drivers/STM32F3xx_HAL_Driver/Src/stm32f3xx_hal_uart.c.obj
LOAD CMakeFiles/GPSLogger2.elf.dir/Drivers/STM32F3xx_HAL_Driver/Src/stm32f3xx_hal_uart_ex.c.obj
START GROUP
LOAD c:/progra~2/gnuarm~1/102020~1/bin/../lib/gcc/arm-none-eabi/10.2.1/thumb/v7e-m/nofp\libgcc.a
LOAD c:/progra~2/gnuarm~1/102020~1/bin/../lib/gcc/arm-none-eabi/10.2.1/../../../../arm-none-eabi/lib/thumb/v7e-m/nofp\libg.a
LOAD c:/progra~2/gnuarm~1/102020~1/bin/../lib/gcc/arm-none-eabi/10.2.1/../../../../arm-none-eabi/lib/thumb/v7e-m/nofp\libc.a
END GROUP
LOAD c:/progra~2/gnuarm~1/102020~1/bin/../lib/gcc/arm-none-eabi/10.2.1/thumb/v7e-m/nofp/crtend.o
LOAD c:/progra~2/gnuarm~1/102020~1/bin/../lib/gcc/arm-none-eabi/10.2.1/thumb/v7e-m/nofp/crtn.o
                0x20004000                _estack = (ORIGIN (RAM) + LENGTH (RAM))
                0x00000200                _Min_Heap_Size = 0x200
                0x00000400                _Min_Stack_Size = 0x400

.isr_vector     0x08000000      0x188
                0x08000000                . = ALIGN (0x4)
 *(.isr_vector)
 .isr_vector    0x08000000      0x188 CMakeFiles/GPSLogger2.elf.dir/Core/Startup/startup_stm32f302r8tx.s.obj
                0x08000000                g_pfnVectors
                0x08000188                . = ALIGN (0x4)

.text           0x08000188     0x259c
                0x08000188                . = ALIGN (0x4)
 *(.text)
 .text          0x08000188       0x40 c:/progra~2/gnuarm~1/102020~1/bin/../lib/gcc/arm-none-eabi/10.2.1/thumb/v7e-m/nofp/crtbegin.o
 *(.text*)
 .text.MX_GPIO_Init
                0x080001c8       0xa4 CMakeFiles/GPSLogger2.elf.dir/Core/Src/main.c.obj
 .text.MX_DMA_Init
                0x0800026c       0x34 CMakeFiles/GPSLogger2.elf.dir/Core/Src/main.c.obj
 .text.Error_Handler
                0x080002a0        0x4 CMakeFiles/GPSLogger2.elf.dir/Core/Src/main.c.obj
                0x080002a0                Error_Handler
 .text.MX_USART2_UART_Init
                0x080002a4       0x38 CMakeFiles/GPSLogger2.elf.dir/Core/Src/main.c.obj
 .text.MX_USART1_UART_Init
                0x080002dc       0x38 CMakeFiles/GPSLogger2.elf.dir/Core/Src/main.c.obj
 .text.MX_I2C1_Init
                0x08000314       0x50 CMakeFiles/GPSLogger2.elf.dir/Core/Src/main.c.obj
 .text.SystemClock_Config
                0x08000364       0x7e CMakeFiles/GPSLogger2.elf.dir/Core/Src/main.c.obj
                0x08000364                SystemClock_Config
 *fill*         0x080003e2        0x2 
 .text.main     0x080003e4       0xcc CMakeFiles/GPSLogger2.elf.dir/Core/Src/main.c.obj
                0x080003e4                main
 .text.HAL_MspInit
                0x080004b0       0x3c CMakeFiles/GPSLogger2.elf.dir/Core/Src/stm32f3xx_hal_msp.c.obj
                0x080004b0                HAL_MspInit
 .text.HAL_I2C_MspInit
                0x080004ec       0xa0 CMakeFiles/GPSLogger2.elf.dir/Core/Src/stm32f3xx_hal_msp.c.obj
                0x080004ec                HAL_I2C_MspInit
 .text.HAL_UART_MspInit
                0x0800058c       0xf8 CMakeFiles/GPSLogger2.elf.dir/Core/Src/stm32f3xx_hal_msp.c.obj
                0x0800058c                HAL_UART_MspInit
 .text.NMI_Handler
                0x08000684        0x2 CMakeFiles/GPSLogger2.elf.dir/Core/Src/stm32f3xx_it.c.obj
                0x08000684                NMI_Handler
 .text.HardFault_Handler
                0x08000686        0x2 CMakeFiles/GPSLogger2.elf.dir/Core/Src/stm32f3xx_it.c.obj
                0x08000686                HardFault_Handler
 .text.MemManage_Handler
                0x08000688        0x2 CMakeFiles/GPSLogger2.elf.dir/Core/Src/stm32f3xx_it.c.obj
                0x08000688                MemManage_Handler
 .text.BusFault_Handler
                0x0800068a        0x2 CMakeFiles/GPSLogger2.elf.dir/Core/Src/stm32f3xx_it.c.obj
                0x0800068a                BusFault_Handler
 .text.UsageFault_Handler
                0x0800068c        0x2 CMakeFiles/GPSLogger2.elf.dir/Core/Src/stm32f3xx_it.c.obj
                0x0800068c                UsageFault_Handler
 .text.SVC_Handler
                0x0800068e        0x2 CMakeFiles/GPSLogger2.elf.dir/Core/Src/stm32f3xx_it.c.obj
                0x0800068e                SVC_Handler
 .text.DebugMon_Handler
                0x08000690        0x2 CMakeFiles/GPSLogger2.elf.dir/Core/Src/stm32f3xx_it.c.obj
                0x08000690                DebugMon_Handler
 .text.PendSV_Handler
                0x08000692        0x2 CMakeFiles/GPSLogger2.elf.dir/Core/Src/stm32f3xx_it.c.obj
                0x08000692                PendSV_Handler
 .text.SysTick_Handler
                0x08000694        0x8 CMakeFiles/GPSLogger2.elf.dir/Core/Src/stm32f3xx_it.c.obj
                0x08000694                SysTick_Handler
 .text.DMA1_Channel5_IRQHandler
                0x0800069c       0x10 CMakeFiles/GPSLogger2.elf.dir/Core/Src/stm32f3xx_it.c.obj
                0x0800069c                DMA1_Channel5_IRQHandler
 .text.USART1_IRQHandler
                0x080006ac       0x10 CMakeFiles/GPSLogger2.elf.dir/Core/Src/stm32f3xx_it.c.obj
                0x080006ac                USART1_IRQHandler
 .text.SystemInit
                0x080006bc        0x2 CMakeFiles/GPSLogger2.elf.dir/Core/Src/system_stm32f3xx.c.obj
                0x080006bc                SystemInit
 *fill*         0x080006be        0x2 
 .text.Reset_Handler
                0x080006c0       0x50 CMakeFiles/GPSLogger2.elf.dir/Core/Startup/startup_stm32f302r8tx.s.obj
                0x080006c0                Reset_Handler
 .text.Default_Handler
                0x08000710        0x2 CMakeFiles/GPSLogger2.elf.dir/Core/Startup/startup_stm32f302r8tx.s.obj
                0x08000710                RTC_Alarm_IRQHandler
                0x08000710                TIM1_CC_IRQHandler
                0x08000710                USB_HP_IRQHandler
                0x08000710                PVD_IRQHandler
                0x08000710                TAMP_STAMP_IRQHandler
                0x08000710                EXTI3_IRQHandler
                0x08000710                I2C3_ER_IRQHandler
                0x08000710                USB_HP_CAN_TX_IRQHandler
                0x08000710                EXTI0_IRQHandler
                0x08000710                I2C2_EV_IRQHandler
                0x08000710                FPU_IRQHandler
                0x08000710                TIM1_UP_TIM16_IRQHandler
                0x08000710                CAN_SCE_IRQHandler
                0x08000710                TIM6_DAC_IRQHandler
                0x08000710                DMA1_Channel4_IRQHandler
                0x08000710                ADC1_IRQHandler
                0x08000710                USART3_IRQHandler
                0x08000710                DMA1_Channel7_IRQHandler
                0x08000710                CAN_RX1_IRQHandler
                0x08000710                I2C1_EV_IRQHandler
                0x08000710                DMA1_Channel6_IRQHandler
                0x08000710                RCC_IRQHandler
                0x08000710                DMA1_Channel1_IRQHandler
                0x08000710                Default_Handler
                0x08000710                USBWakeUp_RMP_IRQHandler
                0x08000710                EXTI15_10_IRQHandler
                0x08000710                COMP2_IRQHandler
                0x08000710                I2C3_EV_IRQHandler
                0x08000710                EXTI9_5_IRQHandler
                0x08000710                RTC_WKUP_IRQHandler
                0x08000710                SPI2_IRQHandler
                0x08000710                USB_LP_CAN_RX0_IRQHandler
                0x08000710                USB_LP_IRQHandler
                0x08000710                EXTI4_IRQHandler
                0x08000710                TIM1_TRG_COM_TIM17_IRQHandler
                0x08000710                DMA1_Channel3_IRQHandler
                0x08000710                WWDG_IRQHandler
                0x08000710                TIM2_IRQHandler
                0x08000710                EXTI1_IRQHandler
                0x08000710                COMP4_6_IRQHandler
                0x08000710                USART2_IRQHandler
                0x08000710                I2C2_ER_IRQHandler
                0x08000710                DMA1_Channel2_IRQHandler
                0x08000710                FLASH_IRQHandler
                0x08000710                SPI3_IRQHandler
                0x08000710                I2C1_ER_IRQHandler
                0x08000710                USBWakeUp_IRQHandler
                0x08000710                EXTI2_TSC_IRQHandler
                0x08000710                TIM1_BRK_TIM15_IRQHandler
 *fill*         0x08000712        0x2 
 .text.HAL_InitTick
                0x08000714       0x4c CMakeFiles/GPSLogger2.elf.dir/Drivers/STM32F3xx_HAL_Driver/Src/stm32f3xx_hal.c.obj
                0x08000714                HAL_InitTick
 .text.HAL_Init
                0x08000760       0x24 CMakeFiles/GPSLogger2.elf.dir/Drivers/STM32F3xx_HAL_Driver/Src/stm32f3xx_hal.c.obj
                0x08000760                HAL_Init
 .text.HAL_IncTick
                0x08000784       0x18 CMakeFiles/GPSLogger2.elf.dir/Drivers/STM32F3xx_HAL_Driver/Src/stm32f3xx_hal.c.obj
                0x08000784                HAL_IncTick
 .text.HAL_GetTick
                0x0800079c        0xc CMakeFiles/GPSLogger2.elf.dir/Drivers/STM32F3xx_HAL_Driver/Src/stm32f3xx_hal.c.obj
                0x0800079c                HAL_GetTick
 .text.HAL_Delay
                0x080007a8       0x28 CMakeFiles/GPSLogger2.elf.dir/Drivers/STM32F3xx_HAL_Driver/Src/stm32f3xx_hal.c.obj
                0x080007a8                HAL_Delay
 .text.HAL_NVIC_SetPriorityGrouping
                0x080007d0       0x24 CMakeFiles/GPSLogger2.elf.dir/Drivers/STM32F3xx_HAL_Driver/Src/stm32f3xx_hal_cortex.c.obj
                0x080007d0                HAL_NVIC_SetPriorityGrouping
 .text.HAL_NVIC_SetPriority
                0x080007f4       0x70 CMakeFiles/GPSLogger2.elf.dir/Drivers/STM32F3xx_HAL_Driver/Src/stm32f3xx_hal_cortex.c.obj
                0x080007f4                HAL_NVIC_SetPriority
 .text.HAL_NVIC_EnableIRQ
                0x08000864       0x1c CMakeFiles/GPSLogger2.elf.dir/Drivers/STM32F3xx_HAL_Driver/Src/stm32f3xx_hal_cortex.c.obj
                0x08000864                HAL_NVIC_EnableIRQ
 .text.HAL_SYSTICK_Config
                0x08000880       0x28 CMakeFiles/GPSLogger2.elf.dir/Drivers/STM32F3xx_HAL_Driver/Src/stm32f3xx_hal_cortex.c.obj
                0x08000880                HAL_SYSTICK_Config
 .text.DMA_CalcBaseAndBitshift
                0x080008a8       0x24 CMakeFiles/GPSLogger2.elf.dir/Drivers/STM32F3xx_HAL_Driver/Src/stm32f3xx_hal_dma.c.obj
 .text.HAL_DMA_Init
                0x080008cc       0x50 CMakeFiles/GPSLogger2.elf.dir/Drivers/STM32F3xx_HAL_Driver/Src/stm32f3xx_hal_dma.c.obj
                0x080008cc                HAL_DMA_Init
 .text.HAL_DMA_Abort
                0x0800091c       0x44 CMakeFiles/GPSLogger2.elf.dir/Drivers/STM32F3xx_HAL_Driver/Src/stm32f3xx_hal_dma.c.obj
                0x0800091c                HAL_DMA_Abort
 .text.HAL_DMA_Abort_IT
                0x08000960       0x4a CMakeFiles/GPSLogger2.elf.dir/Drivers/STM32F3xx_HAL_Driver/Src/stm32f3xx_hal_dma.c.obj
                0x08000960                HAL_DMA_Abort_IT
 .text.HAL_DMA_IRQHandler
                0x080009aa       0xb4 CMakeFiles/GPSLogger2.elf.dir/Drivers/STM32F3xx_HAL_Driver/Src/stm32f3xx_hal_dma.c.obj
                0x080009aa                HAL_DMA_IRQHandler
 *fill*         0x08000a5e        0x2 
 .text.HAL_GPIO_Init
                0x08000a60      0x19c CMakeFiles/GPSLogger2.elf.dir/Drivers/STM32F3xx_HAL_Driver/Src/stm32f3xx_hal_gpio.c.obj
                0x08000a60                HAL_GPIO_Init
 .text.HAL_GPIO_WritePin
                0x08000bfc        0xa CMakeFiles/GPSLogger2.elf.dir/Drivers/STM32F3xx_HAL_Driver/Src/stm32f3xx_hal_gpio.c.obj
                0x08000bfc                HAL_GPIO_WritePin
 .text.I2C_Flush_TXDR
                0x08000c06       0x22 CMakeFiles/GPSLogger2.elf.dir/Drivers/STM32F3xx_HAL_Driver/Src/stm32f3xx_hal_i2c.c.obj
 .text.I2C_TransferConfig
                0x08000c28       0x38 CMakeFiles/GPSLogger2.elf.dir/Drivers/STM32F3xx_HAL_Driver/Src/stm32f3xx_hal_i2c.c.obj
 .text.I2C_IsAcknowledgeFailed
                0x08000c60       0x90 CMakeFiles/GPSLogger2.elf.dir/Drivers/STM32F3xx_HAL_Driver/Src/stm32f3xx_hal_i2c.c.obj
 .text.I2C_WaitOnTXISFlagUntilTimeout
                0x08000cf0       0x56 CMakeFiles/GPSLogger2.elf.dir/Drivers/STM32F3xx_HAL_Driver/Src/stm32f3xx_hal_i2c.c.obj
 .text.I2C_WaitOnFlagUntilTimeout
                0x08000d46       0x5a CMakeFiles/GPSLogger2.elf.dir/Drivers/STM32F3xx_HAL_Driver/Src/stm32f3xx_hal_i2c.c.obj
 .text.I2C_WaitOnSTOPFlagUntilTimeout
                0x08000da0       0x50 CMakeFiles/GPSLogger2.elf.dir/Drivers/STM32F3xx_HAL_Driver/Src/stm32f3xx_hal_i2c.c.obj
 .text.I2C_WaitOnRXNEFlagUntilTimeout
                0x08000df0       0x98 CMakeFiles/GPSLogger2.elf.dir/Drivers/STM32F3xx_HAL_Driver/Src/stm32f3xx_hal_i2c.c.obj
 .text.HAL_I2C_Init
                0x08000e88       0xbc CMakeFiles/GPSLogger2.elf.dir/Drivers/STM32F3xx_HAL_Driver/Src/stm32f3xx_hal_i2c.c.obj
                0x08000e88                HAL_I2C_Init
 .text.HAL_I2C_Master_Transmit
                0x08000f44      0x17c CMakeFiles/GPSLogger2.elf.dir/Drivers/STM32F3xx_HAL_Driver/Src/stm32f3xx_hal_i2c.c.obj
                0x08000f44                HAL_I2C_Master_Transmit
 .text.HAL_I2C_Master_Receive
                0x080010c0      0x17c CMakeFiles/GPSLogger2.elf.dir/Drivers/STM32F3xx_HAL_Driver/Src/stm32f3xx_hal_i2c.c.obj
                0x080010c0                HAL_I2C_Master_Receive
 .text.HAL_I2CEx_ConfigAnalogFilter
                0x0800123c       0x5c CMakeFiles/GPSLogger2.elf.dir/Drivers/STM32F3xx_HAL_Driver/Src/stm32f3xx_hal_i2c_ex.c.obj
                0x0800123c                HAL_I2CEx_ConfigAnalogFilter
 .text.HAL_I2CEx_ConfigDigitalFilter
                0x08001298       0x58 CMakeFiles/GPSLogger2.elf.dir/Drivers/STM32F3xx_HAL_Driver/Src/stm32f3xx_hal_i2c_ex.c.obj
                0x08001298                HAL_I2CEx_ConfigDigitalFilter
 .text.HAL_RCC_OscConfig
                0x080012f0      0x634 CMakeFiles/GPSLogger2.elf.dir/Drivers/STM32F3xx_HAL_Driver/Src/stm32f3xx_hal_rcc.c.obj
                0x080012f0                HAL_RCC_OscConfig
 .text.HAL_RCC_GetSysClockFreq
                0x08001924       0x70 CMakeFiles/GPSLogger2.elf.dir/Drivers/STM32F3xx_HAL_Driver/Src/stm32f3xx_hal_rcc.c.obj
                0x08001924                HAL_RCC_GetSysClockFreq
 .text.HAL_RCC_ClockConfig
                0x08001994      0x1a8 CMakeFiles/GPSLogger2.elf.dir/Drivers/STM32F3xx_HAL_Driver/Src/stm32f3xx_hal_rcc.c.obj
                0x08001994                HAL_RCC_ClockConfig
 .text.HAL_RCC_GetHCLKFreq
                0x08001b3c        0xc CMakeFiles/GPSLogger2.elf.dir/Drivers/STM32F3xx_HAL_Driver/Src/stm32f3xx_hal_rcc.c.obj
                0x08001b3c                HAL_RCC_GetHCLKFreq
 .text.HAL_RCC_GetPCLK1Freq
                0x08001b48       0x2c CMakeFiles/GPSLogger2.elf.dir/Drivers/STM32F3xx_HAL_Driver/Src/stm32f3xx_hal_rcc.c.obj
                0x08001b48                HAL_RCC_GetPCLK1Freq
 .text.HAL_RCC_GetPCLK2Freq
                0x08001b74       0x2c CMakeFiles/GPSLogger2.elf.dir/Drivers/STM32F3xx_HAL_Driver/Src/stm32f3xx_hal_rcc.c.obj
                0x08001b74                HAL_RCC_GetPCLK2Freq
 .text.HAL_RCCEx_PeriphCLKConfig
                0x08001ba0      0x234 CMakeFiles/GPSLogger2.elf.dir/Drivers/STM32F3xx_HAL_Driver/Src/stm32f3xx_hal_rcc_ex.c.obj
                0x08001ba0                HAL_RCCEx_PeriphCLKConfig
 .text.UART_EndRxTransfer
                0x08001dd4       0x32 CMakeFiles/GPSLogger2.elf.dir/Drivers/STM32F3xx_HAL_Driver/Src/stm32f3xx_hal_uart.c.obj
 .text.HAL_UART_TxCpltCallback
                0x08001e06        0x2 CMakeFiles/GPSLogger2.elf.dir/Drivers/STM32F3xx_HAL_Driver/Src/stm32f3xx_hal_uart.c.obj
                0x08001e06                HAL_UART_TxCpltCallback
 .text.UART_EndTransmit_IT
                0x08001e08       0x1a CMakeFiles/GPSLogger2.elf.dir/Drivers/STM32F3xx_HAL_Driver/Src/stm32f3xx_hal_uart.c.obj
 .text.HAL_UART_ErrorCallback
                0x08001e22        0x2 CMakeFiles/GPSLogger2.elf.dir/Drivers/STM32F3xx_HAL_Driver/Src/stm32f3xx_hal_uart.c.obj
                0x08001e22                HAL_UART_ErrorCallback
 .text.UART_DMAAbortOnError
                0x08001e24       0x14 CMakeFiles/GPSLogger2.elf.dir/Drivers/STM32F3xx_HAL_Driver/Src/stm32f3xx_hal_uart.c.obj
 .text.HAL_UARTEx_RxEventCallback
                0x08001e38        0x2 CMakeFiles/GPSLogger2.elf.dir/Drivers/STM32F3xx_HAL_Driver/Src/stm32f3xx_hal_uart.c.obj
                0x08001e38                HAL_UARTEx_RxEventCallback
 *fill*         0x08001e3a        0x2 
 .text.HAL_UART_IRQHandler
                0x08001e3c      0x280 CMakeFiles/GPSLogger2.elf.dir/Drivers/STM32F3xx_HAL_Driver/Src/stm32f3xx_hal_uart.c.obj
                0x08001e3c                HAL_UART_IRQHandler
 .text.UART_SetConfig
                0x080020bc      0x164 CMakeFiles/GPSLogger2.elf.dir/Drivers/STM32F3xx_HAL_Driver/Src/stm32f3xx_hal_uart.c.obj
                0x080020bc                UART_SetConfig
 .text.UART_AdvFeatureConfig
                0x08002220       0xca CMakeFiles/GPSLogger2.elf.dir/Drivers/STM32F3xx_HAL_Driver/Src/stm32f3xx_hal_uart.c.obj
                0x08002220                UART_AdvFeatureConfig
 .text.UART_WaitOnFlagUntilTimeout
                0x080022ea       0xa8 CMakeFiles/GPSLogger2.elf.dir/Drivers/STM32F3xx_HAL_Driver/Src/stm32f3xx_hal_uart.c.obj
                0x080022ea                UART_WaitOnFlagUntilTimeout
 .text.HAL_UART_Transmit
                0x08002392       0xd8 CMakeFiles/GPSLogger2.elf.dir/Drivers/STM32F3xx_HAL_Driver/Src/stm32f3xx_hal_uart.c.obj
                0x08002392                HAL_UART_Transmit
 .text.UART_CheckIdleState
                0x0800246a       0x70 CMakeFiles/GPSLogger2.elf.dir/Drivers/STM32F3xx_HAL_Driver/Src/stm32f3xx_hal_uart.c.obj
                0x0800246a                UART_CheckIdleState
 .text.HAL_UART_Init
                0x080024da       0x62 CMakeFiles/GPSLogger2.elf.dir/Drivers/STM32F3xx_HAL_Driver/Src/stm32f3xx_hal_uart.c.obj
                0x080024da                HAL_UART_Init
 .text.HAL_UARTEx_WakeupCallback
                0x0800253c        0x2 CMakeFiles/GPSLogger2.elf.dir/Drivers/STM32F3xx_HAL_Driver/Src/stm32f3xx_hal_uart_ex.c.obj
                0x0800253c                HAL_UARTEx_WakeupCallback
 *fill*         0x0800253e        0x2 
 .text.__libc_init_array
                0x08002540       0x48 c:/progra~2/gnuarm~1/102020~1/bin/../lib/gcc/arm-none-eabi/10.2.1/../../../../arm-none-eabi/lib/thumb/v7e-m/nofp\libg.a(lib_a-init.o)
                0x08002540                __libc_init_array
 .text.memset   0x08002588       0xa4 c:/progra~2/gnuarm~1/102020~1/bin/../lib/gcc/arm-none-eabi/10.2.1/../../../../arm-none-eabi/lib/thumb/v7e-m/nofp\libg.a(lib_a-memset.o)
                0x08002588                memset
 .text.startup.register_fini
                0x0800262c       0x14 c:/progra~2/gnuarm~1/102020~1/bin/../lib/gcc/arm-none-eabi/10.2.1/../../../../arm-none-eabi/lib/thumb/v7e-m/nofp\libg.a(lib_a-__call_atexit.o)
 .text.atexit   0x08002640        0xc c:/progra~2/gnuarm~1/102020~1/bin/../lib/gcc/arm-none-eabi/10.2.1/../../../../arm-none-eabi/lib/thumb/v7e-m/nofp\libg.a(lib_a-atexit.o)
                0x08002640                atexit
 .text.__libc_fini_array
                0x0800264c       0x2c c:/progra~2/gnuarm~1/102020~1/bin/../lib/gcc/arm-none-eabi/10.2.1/../../../../arm-none-eabi/lib/thumb/v7e-m/nofp\libg.a(lib_a-fini.o)
                0x0800264c                __libc_fini_array
 .text.__retarget_lock_acquire_recursive
                0x08002678        0x4 c:/progra~2/gnuarm~1/102020~1/bin/../lib/gcc/arm-none-eabi/10.2.1/../../../../arm-none-eabi/lib/thumb/v7e-m/nofp\libg.a(lib_a-lock.o)
                0x08002678                __retarget_lock_acquire_recursive
 .text.__retarget_lock_release_recursive
                0x0800267c        0x4 c:/progra~2/gnuarm~1/102020~1/bin/../lib/gcc/arm-none-eabi/10.2.1/../../../../arm-none-eabi/lib/thumb/v7e-m/nofp\libg.a(lib_a-lock.o)
                0x0800267c                __retarget_lock_release_recursive
 .text.__register_exitproc
                0x08002680       0x8c c:/progra~2/gnuarm~1/102020~1/bin/../lib/gcc/arm-none-eabi/10.2.1/../../../../arm-none-eabi/lib/thumb/v7e-m/nofp\libg.a(lib_a-__atexit.o)
                0x08002680                __register_exitproc
 *(.glue_7)
 .glue_7        0x0800270c        0x0 linker stubs
 *(.glue_7t)
 .glue_7t       0x0800270c        0x0 linker stubs
 *(.eh_frame)
 .eh_frame      0x0800270c        0x0 c:/progra~2/gnuarm~1/102020~1/bin/../lib/gcc/arm-none-eabi/10.2.1/thumb/v7e-m/nofp/crtbegin.o
 *(.init)
 .init          0x0800270c        0x4 c:/progra~2/gnuarm~1/102020~1/bin/../lib/gcc/arm-none-eabi/10.2.1/thumb/v7e-m/nofp/crti.o
                0x0800270c                _init
 .init          0x08002710        0x8 c:/progra~2/gnuarm~1/102020~1/bin/../lib/gcc/arm-none-eabi/10.2.1/thumb/v7e-m/nofp/crtn.o
 *(.fini)
 .fini          0x08002718        0x4 c:/progra~2/gnuarm~1/102020~1/bin/../lib/gcc/arm-none-eabi/10.2.1/thumb/v7e-m/nofp/crti.o
                0x08002718                _fini
 .fini          0x0800271c        0x8 c:/progra~2/gnuarm~1/102020~1/bin/../lib/gcc/arm-none-eabi/10.2.1/thumb/v7e-m/nofp/crtn.o
                0x08002724                . = ALIGN (0x4)
                0x08002724                _etext = .

.vfp11_veneer   0x08002724        0x0
 .vfp11_veneer  0x08002724        0x0 linker stubs

.v4_bx          0x08002724        0x0
 .v4_bx         0x08002724        0x0 linker stubs

.iplt           0x08002724        0x0
 .iplt          0x08002724        0x0 c:/progra~2/gnuarm~1/102020~1/bin/../lib/gcc/arm-none-eabi/10.2.1/thumb/v7e-m/nofp/crtbegin.o

.rodata         0x08002724       0x54
                0x08002724                . = ALIGN (0x4)
 *(.rodata)
 *(.rodata*)
 .rodata.main.str1.4
                0x08002724       0x16 CMakeFiles/GPSLogger2.elf.dir/Core/Src/main.c.obj
 *fill*         0x0800273a        0x2 
 .rodata.AHBPrescTable
                0x0800273c       0x10 CMakeFiles/GPSLogger2.elf.dir/Core/Src/system_stm32f3xx.c.obj
                0x0800273c                AHBPrescTable
 .rodata.APBPrescTable
                0x0800274c        0x8 CMakeFiles/GPSLogger2.elf.dir/Core/Src/system_stm32f3xx.c.obj
                0x0800274c                APBPrescTable
 .rodata.aPLLMULFactorTable
                0x08002754       0x10 CMakeFiles/GPSLogger2.elf.dir/Drivers/STM32F3xx_HAL_Driver/Src/stm32f3xx_hal_rcc.c.obj
                0x08002754                aPLLMULFactorTable
 .rodata.aPredivFactorTable
                0x08002764       0x10 CMakeFiles/GPSLogger2.elf.dir/Drivers/STM32F3xx_HAL_Driver/Src/stm32f3xx_hal_rcc.c.obj
                0x08002764                aPredivFactorTable
 .rodata._global_impure_ptr
                0x08002774        0x4 c:/progra~2/gnuarm~1/102020~1/bin/../lib/gcc/arm-none-eabi/10.2.1/../../../../arm-none-eabi/lib/thumb/v7e-m/nofp\libg.a(lib_a-impure.o)
                0x08002774                _global_impure_ptr
                0x08002778                . = ALIGN (0x4)

.rel.dyn        0x08002778        0x0
 .rel.iplt      0x08002778        0x0 c:/progra~2/gnuarm~1/102020~1/bin/../lib/gcc/arm-none-eabi/10.2.1/thumb/v7e-m/nofp/crtbegin.o

.ARM.extab      0x08002778        0x0
                0x08002778                . = ALIGN (0x4)
 *(.ARM.extab* .gnu.linkonce.armextab.*)
                0x08002778                . = ALIGN (0x4)

.ARM            0x08002778        0x0
                0x08002778                . = ALIGN (0x4)
                0x08002778                __exidx_start = .
 *(.ARM.exidx*)
                0x08002778                __exidx_end = .
                0x08002778                . = ALIGN (0x4)

.preinit_array  0x08002778        0x0
                0x08002778                . = ALIGN (0x4)
                0x08002778                PROVIDE (__preinit_array_start = .)
 *(.preinit_array*)
                0x08002778                PROVIDE (__preinit_array_end = .)
                0x08002778                . = ALIGN (0x4)

.init_array     0x08002778        0x8
                0x08002778                . = ALIGN (0x4)
                0x08002778                PROVIDE (__init_array_start = .)
 *(SORT_BY_NAME(.init_array.*))
 .init_array.00000
                0x08002778        0x4 c:/progra~2/gnuarm~1/102020~1/bin/../lib/gcc/arm-none-eabi/10.2.1/../../../../arm-none-eabi/lib/thumb/v7e-m/nofp\libg.a(lib_a-__call_atexit.o)
 *(.init_array*)
 .init_array    0x0800277c        0x4 c:/progra~2/gnuarm~1/102020~1/bin/../lib/gcc/arm-none-eabi/10.2.1/thumb/v7e-m/nofp/crtbegin.o
                0x08002780                PROVIDE (__init_array_end = .)
                0x08002780                . = ALIGN (0x4)

.fini_array     0x08002780        0x4
                0x08002780                . = ALIGN (0x4)
                0x08002780                PROVIDE (__fini_array_start = .)
 *(SORT_BY_NAME(.fini_array.*))
 *(.fini_array*)
 .fini_array    0x08002780        0x4 c:/progra~2/gnuarm~1/102020~1/bin/../lib/gcc/arm-none-eabi/10.2.1/thumb/v7e-m/nofp/crtbegin.o
                0x08002784                PROVIDE (__fini_array_end = .)
                0x08002784                . = ALIGN (0x4)
                0x08002784                _sidata = LOADADDR (.data)

.data           0x20000000      0x43c load address 0x08002784
                0x20000000                . = ALIGN (0x4)
                0x20000000                _sdata = .
 *(.data)
 *(.data*)
 .data.IMUAdd   0x20000000        0x1 CMakeFiles/GPSLogger2.elf.dir/Core/Src/main.c.obj
                0x20000000                IMUAdd
 *fill*         0x20000001        0x3 
 .data.SystemCoreClock
                0x20000004        0x4 CMakeFiles/GPSLogger2.elf.dir/Core/Src/system_stm32f3xx.c.obj
                0x20000004                SystemCoreClock
 .data.uwTickFreq
                0x20000008        0x1 CMakeFiles/GPSLogger2.elf.dir/Drivers/STM32F3xx_HAL_Driver/Src/stm32f3xx_hal.c.obj
                0x20000008                uwTickFreq
 *fill*         0x20000009        0x3 
 .data.uwTickPrio
                0x2000000c        0x4 CMakeFiles/GPSLogger2.elf.dir/Drivers/STM32F3xx_HAL_Driver/Src/stm32f3xx_hal.c.obj
                0x2000000c                uwTickPrio
 .data.impure_data
                0x20000010      0x428 c:/progra~2/gnuarm~1/102020~1/bin/../lib/gcc/arm-none-eabi/10.2.1/../../../../arm-none-eabi/lib/thumb/v7e-m/nofp\libg.a(lib_a-impure.o)
 .data.__atexit_recursive_mutex
                0x20000438        0x4 c:/progra~2/gnuarm~1/102020~1/bin/../lib/gcc/arm-none-eabi/10.2.1/../../../../arm-none-eabi/lib/thumb/v7e-m/nofp\libg.a(lib_a-__call_atexit.o)
                0x20000438                __atexit_recursive_mutex
                0x2000043c                . = ALIGN (0x4)
                0x2000043c                _edata = .

.igot.plt       0x2000043c        0x0 load address 0x08002bc0
 .igot.plt      0x2000043c        0x0 c:/progra~2/gnuarm~1/102020~1/bin/../lib/gcc/arm-none-eabi/10.2.1/thumb/v7e-m/nofp/crtbegin.o
                0x2000043c                . = ALIGN (0x4)

.bss            0x2000043c      0x22c load address 0x08002bc0
                0x2000043c                _sbss = .
                0x2000043c                __bss_start__ = _sbss
 *(.bss)
 .bss           0x2000043c       0x1c c:/progra~2/gnuarm~1/102020~1/bin/../lib/gcc/arm-none-eabi/10.2.1/thumb/v7e-m/nofp/crtbegin.o
 *(.bss*)
 .bss.UARTMsg   0x20000458       0x64 CMakeFiles/GPSLogger2.elf.dir/Core/Src/main.c.obj
                0x20000458                UARTMsg
 .bss.hdma_usart1_rx
                0x200004bc       0x44 CMakeFiles/GPSLogger2.elf.dir/Core/Src/main.c.obj
                0x200004bc                hdma_usart1_rx
 .bss.hi2c1     0x20000500       0x4c CMakeFiles/GPSLogger2.elf.dir/Core/Src/main.c.obj
                0x20000500                hi2c1
 .bss.huart1    0x2000054c       0x84 CMakeFiles/GPSLogger2.elf.dir/Core/Src/main.c.obj
                0x2000054c                huart1
 .bss.huart2    0x200005d0       0x84 CMakeFiles/GPSLogger2.elf.dir/Core/Src/main.c.obj
                0x200005d0                huart2
 .bss.i2cRxReg  0x20000654        0x6 CMakeFiles/GPSLogger2.elf.dir/Core/Src/main.c.obj
                0x20000654                i2cRxReg
 *fill*         0x2000065a        0x2 
 .bss.i2cTxReg  0x2000065c        0x1 CMakeFiles/GPSLogger2.elf.dir/Core/Src/main.c.obj
                0x2000065c                i2cTxReg
 .bss.ret       0x2000065d        0x1 CMakeFiles/GPSLogger2.elf.dir/Core/Src/main.c.obj
                0x2000065d                ret
 *fill*         0x2000065e        0x2 
 .bss.uwTick    0x20000660        0x4 CMakeFiles/GPSLogger2.elf.dir/Drivers/STM32F3xx_HAL_Driver/Src/stm32f3xx_hal.c.obj
                0x20000660                uwTick
 .bss.__lock___atexit_recursive_mutex
                0x20000664        0x1 c:/progra~2/gnuarm~1/102020~1/bin/../lib/gcc/arm-none-eabi/10.2.1/../../../../arm-none-eabi/lib/thumb/v7e-m/nofp\libg.a(lib_a-lock.o)
                0x20000664                __lock___atexit_recursive_mutex
 *(COMMON)
                0x20000668                . = ALIGN (0x4)
 *fill*         0x20000665        0x3 
                0x20000668                _ebss = .
                0x20000668                __bss_end__ = _ebss

._user_heap_stack
                0x20000668      0x600 load address 0x08002bc0
                0x20000668                . = ALIGN (0x8)
                [!provide]                PROVIDE (end = .)
                0x20000668                PROVIDE (_end = .)
                0x20000868                . = (. + _Min_Heap_Size)
 *fill*         0x20000668      0x200 
                0x20000c68                . = (. + _Min_Stack_Size)
 *fill*         0x20000868      0x400 
                0x20000c68                . = ALIGN (0x8)

/DISCARD/
 libc.a(*)
 libm.a(*)
 libgcc.a(*)

.ARM.attributes
                0x00000000       0x2a
 *(.ARM.attributes)
 .ARM.attributes
                0x00000000       0x1e c:/progra~2/gnuarm~1/102020~1/bin/../lib/gcc/arm-none-eabi/10.2.1/thumb/v7e-m/nofp/crti.o
 .ARM.attributes
                0x0000001e       0x2e c:/progra~2/gnuarm~1/102020~1/bin/../lib/gcc/arm-none-eabi/10.2.1/thumb/v7e-m/nofp/crtbegin.o
 .ARM.attributes
                0x0000004c       0x2e CMakeFiles/GPSLogger2.elf.dir/Core/Src/main.c.obj
 .ARM.attributes
                0x0000007a       0x2e CMakeFiles/GPSLogger2.elf.dir/Core/Src/stm32f3xx_hal_msp.c.obj
 .ARM.attributes
                0x000000a8       0x2e CMakeFiles/GPSLogger2.elf.dir/Core/Src/stm32f3xx_it.c.obj
 .ARM.attributes
                0x000000d6       0x2e CMakeFiles/GPSLogger2.elf.dir/Core/Src/system_stm32f3xx.c.obj
 .ARM.attributes
                0x00000104       0x21 CMakeFiles/GPSLogger2.elf.dir/Core/Startup/startup_stm32f302r8tx.s.obj
 .ARM.attributes
                0x00000125       0x2e CMakeFiles/GPSLogger2.elf.dir/Drivers/STM32F3xx_HAL_Driver/Src/stm32f3xx_hal.c.obj
 .ARM.attributes
                0x00000153       0x2e CMakeFiles/GPSLogger2.elf.dir/Drivers/STM32F3xx_HAL_Driver/Src/stm32f3xx_hal_cortex.c.obj
 .ARM.attributes
                0x00000181       0x2e CMakeFiles/GPSLogger2.elf.dir/Drivers/STM32F3xx_HAL_Driver/Src/stm32f3xx_hal_dma.c.obj
 .ARM.attributes
                0x000001af       0x2e CMakeFiles/GPSLogger2.elf.dir/Drivers/STM32F3xx_HAL_Driver/Src/stm32f3xx_hal_gpio.c.obj
 .ARM.attributes
                0x000001dd       0x2e CMakeFiles/GPSLogger2.elf.dir/Drivers/STM32F3xx_HAL_Driver/Src/stm32f3xx_hal_i2c.c.obj
 .ARM.attributes
                0x0000020b       0x2e CMakeFiles/GPSLogger2.elf.dir/Drivers/STM32F3xx_HAL_Driver/Src/stm32f3xx_hal_i2c_ex.c.obj
 .ARM.attributes
                0x00000239       0x2e CMakeFiles/GPSLogger2.elf.dir/Drivers/STM32F3xx_HAL_Driver/Src/stm32f3xx_hal_rcc.c.obj
 .ARM.attributes
                0x00000267       0x2e CMakeFiles/GPSLogger2.elf.dir/Drivers/STM32F3xx_HAL_Driver/Src/stm32f3xx_hal_rcc_ex.c.obj
 .ARM.attributes
                0x00000295       0x2e CMakeFiles/GPSLogger2.elf.dir/Drivers/STM32F3xx_HAL_Driver/Src/stm32f3xx_hal_uart.c.obj
 .ARM.attributes
                0x000002c3       0x2e CMakeFiles/GPSLogger2.elf.dir/Drivers/STM32F3xx_HAL_Driver/Src/stm32f3xx_hal_uart_ex.c.obj
 .ARM.attributes
                0x000002f1       0x2e c:/progra~2/gnuarm~1/102020~1/bin/../lib/gcc/arm-none-eabi/10.2.1/../../../../arm-none-eabi/lib/thumb/v7e-m/nofp\libg.a(lib_a-impure.o)
 .ARM.attributes
                0x0000031f       0x2e c:/progra~2/gnuarm~1/102020~1/bin/../lib/gcc/arm-none-eabi/10.2.1/../../../../arm-none-eabi/lib/thumb/v7e-m/nofp\libg.a(lib_a-init.o)
 .ARM.attributes
                0x0000034d       0x2e c:/progra~2/gnuarm~1/102020~1/bin/../lib/gcc/arm-none-eabi/10.2.1/../../../../arm-none-eabi/lib/thumb/v7e-m/nofp\libg.a(lib_a-memset.o)
 .ARM.attributes
                0x0000037b       0x2e c:/progra~2/gnuarm~1/102020~1/bin/../lib/gcc/arm-none-eabi/10.2.1/../../../../arm-none-eabi/lib/thumb/v7e-m/nofp\libg.a(lib_a-__call_atexit.o)
 .ARM.attributes
                0x000003a9       0x2e c:/progra~2/gnuarm~1/102020~1/bin/../lib/gcc/arm-none-eabi/10.2.1/../../../../arm-none-eabi/lib/thumb/v7e-m/nofp\libg.a(lib_a-atexit.o)
 .ARM.attributes
                0x000003d7       0x2e c:/progra~2/gnuarm~1/102020~1/bin/../lib/gcc/arm-none-eabi/10.2.1/../../../../arm-none-eabi/lib/thumb/v7e-m/nofp\libg.a(lib_a-fini.o)
 .ARM.attributes
                0x00000405       0x2e c:/progra~2/gnuarm~1/102020~1/bin/../lib/gcc/arm-none-eabi/10.2.1/../../../../arm-none-eabi/lib/thumb/v7e-m/nofp\libg.a(lib_a-lock.o)
 .ARM.attributes
                0x00000433       0x2e c:/progra~2/gnuarm~1/102020~1/bin/../lib/gcc/arm-none-eabi/10.2.1/../../../../arm-none-eabi/lib/thumb/v7e-m/nofp\libg.a(lib_a-__atexit.o)
 .ARM.attributes
                0x00000461       0x1e c:/progra~2/gnuarm~1/102020~1/bin/../lib/gcc/arm-none-eabi/10.2.1/thumb/v7e-m/nofp/crtn.o
OUTPUT(GPSLogger2.elf elf32-littlearm)
LOAD linker stubs
LOAD c:/progra~2/gnuarm~1/102020~1/bin/../lib/gcc/arm-none-eabi/10.2.1/../../../../arm-none-eabi/lib/thumb/v7e-m/nofp\libc.a
LOAD c:/progra~2/gnuarm~1/102020~1/bin/../lib/gcc/arm-none-eabi/10.2.1/../../../../arm-none-eabi/lib/thumb/v7e-m/nofp\libm.a
LOAD c:/progra~2/gnuarm~1/102020~1/bin/../lib/gcc/arm-none-eabi/10.2.1/thumb/v7e-m/nofp\libgcc.a

.debug_info     0x00000000     0xe496
 .debug_info    0x00000000     0x152f CMakeFiles/GPSLogger2.elf.dir/Core/Src/main.c.obj
 .debug_info    0x0000152f     0x1034 CMakeFiles/GPSLogger2.elf.dir/Core/Src/stm32f3xx_hal_msp.c.obj
 .debug_info    0x00002563      0x75f CMakeFiles/GPSLogger2.elf.dir/Core/Src/stm32f3xx_it.c.obj
 .debug_info    0x00002cc2      0x26b CMakeFiles/GPSLogger2.elf.dir/Core/Src/system_stm32f3xx.c.obj
 .debug_info    0x00002f2d       0x22 CMakeFiles/GPSLogger2.elf.dir/Core/Startup/startup_stm32f302r8tx.s.obj
 .debug_info    0x00002f4f      0x81b CMakeFiles/GPSLogger2.elf.dir/Drivers/STM32F3xx_HAL_Driver/Src/stm32f3xx_hal.c.obj
 .debug_info    0x0000376a      0xdb5 CMakeFiles/GPSLogger2.elf.dir/Drivers/STM32F3xx_HAL_Driver/Src/stm32f3xx_hal_cortex.c.obj
 .debug_info    0x0000451f      0x87f CMakeFiles/GPSLogger2.elf.dir/Drivers/STM32F3xx_HAL_Driver/Src/stm32f3xx_hal_dma.c.obj
 .debug_info    0x00004d9e      0x6c0 CMakeFiles/GPSLogger2.elf.dir/Drivers/STM32F3xx_HAL_Driver/Src/stm32f3xx_hal_gpio.c.obj
 .debug_info    0x0000545e     0x3f58 CMakeFiles/GPSLogger2.elf.dir/Drivers/STM32F3xx_HAL_Driver/Src/stm32f3xx_hal_i2c.c.obj
 .debug_info    0x000093b6      0x8ae CMakeFiles/GPSLogger2.elf.dir/Drivers/STM32F3xx_HAL_Driver/Src/stm32f3xx_hal_i2c_ex.c.obj
 .debug_info    0x00009c64     0x161b CMakeFiles/GPSLogger2.elf.dir/Drivers/STM32F3xx_HAL_Driver/Src/stm32f3xx_hal_rcc.c.obj
 .debug_info    0x0000b27f      0x6f9 CMakeFiles/GPSLogger2.elf.dir/Drivers/STM32F3xx_HAL_Driver/Src/stm32f3xx_hal_rcc_ex.c.obj
 .debug_info    0x0000b978     0x1f6f CMakeFiles/GPSLogger2.elf.dir/Drivers/STM32F3xx_HAL_Driver/Src/stm32f3xx_hal_uart.c.obj
 .debug_info    0x0000d8e7      0xbaf CMakeFiles/GPSLogger2.elf.dir/Drivers/STM32F3xx_HAL_Driver/Src/stm32f3xx_hal_uart_ex.c.obj

.debug_abbrev   0x00000000     0x1df7
 .debug_abbrev  0x00000000      0x28e CMakeFiles/GPSLogger2.elf.dir/Core/Src/main.c.obj
 .debug_abbrev  0x0000028e      0x1d8 CMakeFiles/GPSLogger2.elf.dir/Core/Src/stm32f3xx_hal_msp.c.obj
 .debug_abbrev  0x00000466      0x154 CMakeFiles/GPSLogger2.elf.dir/Core/Src/stm32f3xx_it.c.obj
 .debug_abbrev  0x000005ba      0x119 CMakeFiles/GPSLogger2.elf.dir/Core/Src/system_stm32f3xx.c.obj
 .debug_abbrev  0x000006d3       0x12 CMakeFiles/GPSLogger2.elf.dir/Core/Startup/startup_stm32f302r8tx.s.obj
 .debug_abbrev  0x000006e5      0x207 CMakeFiles/GPSLogger2.elf.dir/Drivers/STM32F3xx_HAL_Driver/Src/stm32f3xx_hal.c.obj
 .debug_abbrev  0x000008ec      0x341 CMakeFiles/GPSLogger2.elf.dir/Drivers/STM32F3xx_HAL_Driver/Src/stm32f3xx_hal_cortex.c.obj
 .debug_abbrev  0x00000c2d      0x212 CMakeFiles/GPSLogger2.elf.dir/Drivers/STM32F3xx_HAL_Driver/Src/stm32f3xx_hal_dma.c.obj
 .debug_abbrev  0x00000e3f      0x1e6 CMakeFiles/GPSLogger2.elf.dir/Drivers/STM32F3xx_HAL_Driver/Src/stm32f3xx_hal_gpio.c.obj
 .debug_abbrev  0x00001025      0x252 CMakeFiles/GPSLogger2.elf.dir/Drivers/STM32F3xx_HAL_Driver/Src/stm32f3xx_hal_i2c.c.obj
 .debug_abbrev  0x00001277      0x1b3 CMakeFiles/GPSLogger2.elf.dir/Drivers/STM32F3xx_HAL_Driver/Src/stm32f3xx_hal_i2c_ex.c.obj
 .debug_abbrev  0x0000142a      0x2f9 CMakeFiles/GPSLogger2.elf.dir/Drivers/STM32F3xx_HAL_Driver/Src/stm32f3xx_hal_rcc.c.obj
 .debug_abbrev  0x00001723      0x275 CMakeFiles/GPSLogger2.elf.dir/Drivers/STM32F3xx_HAL_Driver/Src/stm32f3xx_hal_rcc_ex.c.obj
 .debug_abbrev  0x00001998      0x243 CMakeFiles/GPSLogger2.elf.dir/Drivers/STM32F3xx_HAL_Driver/Src/stm32f3xx_hal_uart.c.obj
 .debug_abbrev  0x00001bdb      0x21c CMakeFiles/GPSLogger2.elf.dir/Drivers/STM32F3xx_HAL_Driver/Src/stm32f3xx_hal_uart_ex.c.obj

.debug_aranges  0x00000000      0x9d0
 .debug_aranges
                0x00000000       0x58 CMakeFiles/GPSLogger2.elf.dir/Core/Src/main.c.obj
 .debug_aranges
                0x00000058       0x40 CMakeFiles/GPSLogger2.elf.dir/Core/Src/stm32f3xx_hal_msp.c.obj
 .debug_aranges
                0x00000098       0x70 CMakeFiles/GPSLogger2.elf.dir/Core/Src/stm32f3xx_it.c.obj
 .debug_aranges
                0x00000108       0x28 CMakeFiles/GPSLogger2.elf.dir/Core/Src/system_stm32f3xx.c.obj
 .debug_aranges
                0x00000130       0x28 CMakeFiles/GPSLogger2.elf.dir/Core/Startup/startup_stm32f302r8tx.s.obj
 .debug_aranges
                0x00000158       0xe0 CMakeFiles/GPSLogger2.elf.dir/Drivers/STM32F3xx_HAL_Driver/Src/stm32f3xx_hal.c.obj
 .debug_aranges
                0x00000238       0x90 CMakeFiles/GPSLogger2.elf.dir/Drivers/STM32F3xx_HAL_Driver/Src/stm32f3xx_hal_cortex.c.obj
 .debug_aranges
                0x000002c8       0x88 CMakeFiles/GPSLogger2.elf.dir/Drivers/STM32F3xx_HAL_Driver/Src/stm32f3xx_hal_dma.c.obj
 .debug_aranges
                0x00000350       0x58 CMakeFiles/GPSLogger2.elf.dir/Drivers/STM32F3xx_HAL_Driver/Src/stm32f3xx_hal_gpio.c.obj
 .debug_aranges
                0x000003a8      0x290 CMakeFiles/GPSLogger2.elf.dir/Drivers/STM32F3xx_HAL_Driver/Src/stm32f3xx_hal_i2c.c.obj
 .debug_aranges
                0x00000638       0x48 CMakeFiles/GPSLogger2.elf.dir/Drivers/STM32F3xx_HAL_Driver/Src/stm32f3xx_hal_i2c_ex.c.obj
 .debug_aranges
                0x00000680       0x88 CMakeFiles/GPSLogger2.elf.dir/Drivers/STM32F3xx_HAL_Driver/Src/stm32f3xx_hal_rcc.c.obj
 .debug_aranges
                0x00000708       0x38 CMakeFiles/GPSLogger2.elf.dir/Drivers/STM32F3xx_HAL_Driver/Src/stm32f3xx_hal_rcc_ex.c.obj
 .debug_aranges
                0x00000740      0x228 CMakeFiles/GPSLogger2.elf.dir/Drivers/STM32F3xx_HAL_Driver/Src/stm32f3xx_hal_uart.c.obj
 .debug_aranges
                0x00000968       0x68 CMakeFiles/GPSLogger2.elf.dir/Drivers/STM32F3xx_HAL_Driver/Src/stm32f3xx_hal_uart_ex.c.obj

.debug_ranges   0x00000000      0x968
 .debug_ranges  0x00000000       0x48 CMakeFiles/GPSLogger2.elf.dir/Core/Src/main.c.obj
 .debug_ranges  0x00000048       0x30 CMakeFiles/GPSLogger2.elf.dir/Core/Src/stm32f3xx_hal_msp.c.obj
 .debug_ranges  0x00000078       0x60 CMakeFiles/GPSLogger2.elf.dir/Core/Src/stm32f3xx_it.c.obj
 .debug_ranges  0x000000d8       0x18 CMakeFiles/GPSLogger2.elf.dir/Core/Src/system_stm32f3xx.c.obj
 .debug_ranges  0x000000f0       0x20 CMakeFiles/GPSLogger2.elf.dir/Core/Startup/startup_stm32f302r8tx.s.obj
 .debug_ranges  0x00000110       0xd0 CMakeFiles/GPSLogger2.elf.dir/Drivers/STM32F3xx_HAL_Driver/Src/stm32f3xx_hal.c.obj
 .debug_ranges  0x000001e0       0xe0 CMakeFiles/GPSLogger2.elf.dir/Drivers/STM32F3xx_HAL_Driver/Src/stm32f3xx_hal_cortex.c.obj
 .debug_ranges  0x000002c0       0x78 CMakeFiles/GPSLogger2.elf.dir/Drivers/STM32F3xx_HAL_Driver/Src/stm32f3xx_hal_dma.c.obj
 .debug_ranges  0x00000338       0x48 CMakeFiles/GPSLogger2.elf.dir/Drivers/STM32F3xx_HAL_Driver/Src/stm32f3xx_hal_gpio.c.obj
 .debug_ranges  0x00000380      0x280 CMakeFiles/GPSLogger2.elf.dir/Drivers/STM32F3xx_HAL_Driver/Src/stm32f3xx_hal_i2c.c.obj
 .debug_ranges  0x00000600       0x38 CMakeFiles/GPSLogger2.elf.dir/Drivers/STM32F3xx_HAL_Driver/Src/stm32f3xx_hal_i2c_ex.c.obj
 .debug_ranges  0x00000638       0x98 CMakeFiles/GPSLogger2.elf.dir/Drivers/STM32F3xx_HAL_Driver/Src/stm32f3xx_hal_rcc.c.obj
 .debug_ranges  0x000006d0       0x28 CMakeFiles/GPSLogger2.elf.dir/Drivers/STM32F3xx_HAL_Driver/Src/stm32f3xx_hal_rcc_ex.c.obj
 .debug_ranges  0x000006f8      0x218 CMakeFiles/GPSLogger2.elf.dir/Drivers/STM32F3xx_HAL_Driver/Src/stm32f3xx_hal_uart.c.obj
 .debug_ranges  0x00000910       0x58 CMakeFiles/GPSLogger2.elf.dir/Drivers/STM32F3xx_HAL_Driver/Src/stm32f3xx_hal_uart_ex.c.obj

.debug_line     0x00000000     0xc1fb
 .debug_line    0x00000000      0x64e CMakeFiles/GPSLogger2.elf.dir/Core/Src/main.c.obj
 .debug_line    0x0000064e      0x48b CMakeFiles/GPSLogger2.elf.dir/Core/Src/stm32f3xx_hal_msp.c.obj
 .debug_line    0x00000ad9      0x32b CMakeFiles/GPSLogger2.elf.dir/Core/Src/stm32f3xx_it.c.obj
 .debug_line    0x00000e04      0x22e CMakeFiles/GPSLogger2.elf.dir/Core/Src/system_stm32f3xx.c.obj
 .debug_line    0x00001032       0xa9 CMakeFiles/GPSLogger2.elf.dir/Core/Startup/startup_stm32f302r8tx.s.obj
 .debug_line    0x000010db      0x57e CMakeFiles/GPSLogger2.elf.dir/Drivers/STM32F3xx_HAL_Driver/Src/stm32f3xx_hal.c.obj
 .debug_line    0x00001659      0x65b CMakeFiles/GPSLogger2.elf.dir/Drivers/STM32F3xx_HAL_Driver/Src/stm32f3xx_hal_cortex.c.obj
 .debug_line    0x00001cb4      0xa0a CMakeFiles/GPSLogger2.elf.dir/Drivers/STM32F3xx_HAL_Driver/Src/stm32f3xx_hal_dma.c.obj
 .debug_line    0x000026be      0x6a1 CMakeFiles/GPSLogger2.elf.dir/Drivers/STM32F3xx_HAL_Driver/Src/stm32f3xx_hal_gpio.c.obj
 .debug_line    0x00002d5f     0x4889 CMakeFiles/GPSLogger2.elf.dir/Drivers/STM32F3xx_HAL_Driver/Src/stm32f3xx_hal_i2c.c.obj
 .debug_line    0x000075e8      0x4f7 CMakeFiles/GPSLogger2.elf.dir/Drivers/STM32F3xx_HAL_Driver/Src/stm32f3xx_hal_i2c_ex.c.obj
 .debug_line    0x00007adf     0x1219 CMakeFiles/GPSLogger2.elf.dir/Drivers/STM32F3xx_HAL_Driver/Src/stm32f3xx_hal_rcc.c.obj
 .debug_line    0x00008cf8      0x9c0 CMakeFiles/GPSLogger2.elf.dir/Drivers/STM32F3xx_HAL_Driver/Src/stm32f3xx_hal_rcc_ex.c.obj
 .debug_line    0x000096b8     0x2363 CMakeFiles/GPSLogger2.elf.dir/Drivers/STM32F3xx_HAL_Driver/Src/stm32f3xx_hal_uart.c.obj
 .debug_line    0x0000ba1b      0x7e0 CMakeFiles/GPSLogger2.elf.dir/Drivers/STM32F3xx_HAL_Driver/Src/stm32f3xx_hal_uart_ex.c.obj

.debug_str      0x00000000     0x333b
 .debug_str     0x00000000     0x1060 CMakeFiles/GPSLogger2.elf.dir/Core/Src/main.c.obj
                               0x113d (size before relaxing)
 .debug_str     0x00001060       0xfb CMakeFiles/GPSLogger2.elf.dir/Core/Src/stm32f3xx_hal_msp.c.obj
                                0xdd4 (size before relaxing)
 .debug_str     0x0000115b      0x12a CMakeFiles/GPSLogger2.elf.dir/Core/Src/stm32f3xx_it.c.obj
                                0x6f1 (size before relaxing)
 .debug_str     0x00001285       0xac CMakeFiles/GPSLogger2.elf.dir/Core/Src/system_stm32f3xx.c.obj
                                0x2b0 (size before relaxing)
 .debug_str     0x00001331       0x57 CMakeFiles/GPSLogger2.elf.dir/Core/Startup/startup_stm32f302r8tx.s.obj
                                 0x8d (size before relaxing)
 .debug_str     0x00001388      0x304 CMakeFiles/GPSLogger2.elf.dir/Drivers/STM32F3xx_HAL_Driver/Src/stm32f3xx_hal.c.obj
                                0x900 (size before relaxing)
 .debug_str     0x0000168c      0x3bf CMakeFiles/GPSLogger2.elf.dir/Drivers/STM32F3xx_HAL_Driver/Src/stm32f3xx_hal_cortex.c.obj
                                0x98d (size before relaxing)
 .debug_str     0x00001a4b      0x23f CMakeFiles/GPSLogger2.elf.dir/Drivers/STM32F3xx_HAL_Driver/Src/stm32f3xx_hal_dma.c.obj
                                0x656 (size before relaxing)
 .debug_str     0x00001c8a      0x14f CMakeFiles/GPSLogger2.elf.dir/Drivers/STM32F3xx_HAL_Driver/Src/stm32f3xx_hal_gpio.c.obj
                                0x472 (size before relaxing)
 .debug_str     0x00001dd9      0x864 CMakeFiles/GPSLogger2.elf.dir/Drivers/STM32F3xx_HAL_Driver/Src/stm32f3xx_hal_i2c.c.obj
                                0xfbc (size before relaxing)
 .debug_str     0x0000263d       0xd9 CMakeFiles/GPSLogger2.elf.dir/Drivers/STM32F3xx_HAL_Driver/Src/stm32f3xx_hal_i2c_ex.c.obj
                                0x822 (size before relaxing)
 .debug_str     0x00002716      0x212 CMakeFiles/GPSLogger2.elf.dir/Drivers/STM32F3xx_HAL_Driver/Src/stm32f3xx_hal_rcc.c.obj
                                0x6b6 (size before relaxing)
 .debug_str     0x00002928       0xdf CMakeFiles/GPSLogger2.elf.dir/Drivers/STM32F3xx_HAL_Driver/Src/stm32f3xx_hal_rcc_ex.c.obj
                                0x532 (size before relaxing)
 .debug_str     0x00002a07      0x76c CMakeFiles/GPSLogger2.elf.dir/Drivers/STM32F3xx_HAL_Driver/Src/stm32f3xx_hal_uart.c.obj
                                0xeed (size before relaxing)
 .debug_str     0x00003173      0x1c8 CMakeFiles/GPSLogger2.elf.dir/Drivers/STM32F3xx_HAL_Driver/Src/stm32f3xx_hal_uart_ex.c.obj
                                0x8c5 (size before relaxing)

.comment        0x00000000       0x4d
 .comment       0x00000000       0x4d CMakeFiles/GPSLogger2.elf.dir/Core/Src/main.c.obj
                                 0x4e (size before relaxing)
 .comment       0x0000004d       0x4e CMakeFiles/GPSLogger2.elf.dir/Core/Src/stm32f3xx_hal_msp.c.obj
 .comment       0x0000004d       0x4e CMakeFiles/GPSLogger2.elf.dir/Core/Src/stm32f3xx_it.c.obj
 .comment       0x0000004d       0x4e CMakeFiles/GPSLogger2.elf.dir/Core/Src/system_stm32f3xx.c.obj
 .comment       0x0000004d       0x4e CMakeFiles/GPSLogger2.elf.dir/Drivers/STM32F3xx_HAL_Driver/Src/stm32f3xx_hal.c.obj
 .comment       0x0000004d       0x4e CMakeFiles/GPSLogger2.elf.dir/Drivers/STM32F3xx_HAL_Driver/Src/stm32f3xx_hal_cortex.c.obj
 .comment       0x0000004d       0x4e CMakeFiles/GPSLogger2.elf.dir/Drivers/STM32F3xx_HAL_Driver/Src/stm32f3xx_hal_dma.c.obj
 .comment       0x0000004d       0x4e CMakeFiles/GPSLogger2.elf.dir/Drivers/STM32F3xx_HAL_Driver/Src/stm32f3xx_hal_gpio.c.obj
 .comment       0x0000004d       0x4e CMakeFiles/GPSLogger2.elf.dir/Drivers/STM32F3xx_HAL_Driver/Src/stm32f3xx_hal_i2c.c.obj
 .comment       0x0000004d       0x4e CMakeFiles/GPSLogger2.elf.dir/Drivers/STM32F3xx_HAL_Driver/Src/stm32f3xx_hal_i2c_ex.c.obj
 .comment       0x0000004d       0x4e CMakeFiles/GPSLogger2.elf.dir/Drivers/STM32F3xx_HAL_Driver/Src/stm32f3xx_hal_rcc.c.obj
 .comment       0x0000004d       0x4e CMakeFiles/GPSLogger2.elf.dir/Drivers/STM32F3xx_HAL_Driver/Src/stm32f3xx_hal_rcc_ex.c.obj
 .comment       0x0000004d       0x4e CMakeFiles/GPSLogger2.elf.dir/Drivers/STM32F3xx_HAL_Driver/Src/stm32f3xx_hal_uart.c.obj
 .comment       0x0000004d       0x4e CMakeFiles/GPSLogger2.elf.dir/Drivers/STM32F3xx_HAL_Driver/Src/stm32f3xx_hal_uart_ex.c.obj

.debug_frame    0x00000000     0x1c54
 .debug_frame   0x00000000       0xe4 CMakeFiles/GPSLogger2.elf.dir/Core/Src/main.c.obj
 .debug_frame   0x000000e4       0xa4 CMakeFiles/GPSLogger2.elf.dir/Core/Src/stm32f3xx_hal_msp.c.obj
 .debug_frame   0x00000188       0xd8 CMakeFiles/GPSLogger2.elf.dir/Core/Src/stm32f3xx_it.c.obj
 .debug_frame   0x00000260       0x30 CMakeFiles/GPSLogger2.elf.dir/Core/Src/system_stm32f3xx.c.obj
 .debug_frame   0x00000290      0x1cc CMakeFiles/GPSLogger2.elf.dir/Drivers/STM32F3xx_HAL_Driver/Src/stm32f3xx_hal.c.obj
 .debug_frame   0x0000045c      0x118 CMakeFiles/GPSLogger2.elf.dir/Drivers/STM32F3xx_HAL_Driver/Src/stm32f3xx_hal_cortex.c.obj
 .debug_frame   0x00000574      0x160 CMakeFiles/GPSLogger2.elf.dir/Drivers/STM32F3xx_HAL_Driver/Src/stm32f3xx_hal_dma.c.obj
 .debug_frame   0x000006d4       0xd0 CMakeFiles/GPSLogger2.elf.dir/Drivers/STM32F3xx_HAL_Driver/Src/stm32f3xx_hal_gpio.c.obj
 .debug_frame   0x000007a4      0x934 CMakeFiles/GPSLogger2.elf.dir/Drivers/STM32F3xx_HAL_Driver/Src/stm32f3xx_hal_i2c.c.obj
 .debug_frame   0x000010d8       0x80 CMakeFiles/GPSLogger2.elf.dir/Drivers/STM32F3xx_HAL_Driver/Src/stm32f3xx_hal_i2c_ex.c.obj
 .debug_frame   0x00001158      0x170 CMakeFiles/GPSLogger2.elf.dir/Drivers/STM32F3xx_HAL_Driver/Src/stm32f3xx_hal_rcc.c.obj
 .debug_frame   0x000012c8       0x7c CMakeFiles/GPSLogger2.elf.dir/Drivers/STM32F3xx_HAL_Driver/Src/stm32f3xx_hal_rcc_ex.c.obj
 .debug_frame   0x00001344      0x5fc CMakeFiles/GPSLogger2.elf.dir/Drivers/STM32F3xx_HAL_Driver/Src/stm32f3xx_hal_uart.c.obj
 .debug_frame   0x00001940      0x128 CMakeFiles/GPSLogger2.elf.dir/Drivers/STM32F3xx_HAL_Driver/Src/stm32f3xx_hal_uart_ex.c.obj
 .debug_frame   0x00001a68       0x2c c:/progra~2/gnuarm~1/102020~1/bin/../lib/gcc/arm-none-eabi/10.2.1/../../../../arm-none-eabi/lib/thumb/v7e-m/nofp\libg.a(lib_a-init.o)
 .debug_frame   0x00001a94       0x2c c:/progra~2/gnuarm~1/102020~1/bin/../lib/gcc/arm-none-eabi/10.2.1/../../../../arm-none-eabi/lib/thumb/v7e-m/nofp\libg.a(lib_a-memset.o)
 .debug_frame   0x00001ac0       0x5c c:/progra~2/gnuarm~1/102020~1/bin/../lib/gcc/arm-none-eabi/10.2.1/../../../../arm-none-eabi/lib/thumb/v7e-m/nofp\libg.a(lib_a-__call_atexit.o)
 .debug_frame   0x00001b1c       0x20 c:/progra~2/gnuarm~1/102020~1/bin/../lib/gcc/arm-none-eabi/10.2.1/../../../../arm-none-eabi/lib/thumb/v7e-m/nofp\libg.a(lib_a-atexit.o)
 .debug_frame   0x00001b3c       0x34 c:/progra~2/gnuarm~1/102020~1/bin/../lib/gcc/arm-none-eabi/10.2.1/../../../../arm-none-eabi/lib/thumb/v7e-m/nofp\libg.a(lib_a-fini.o)
 .debug_frame   0x00001b70       0xb0 c:/progra~2/gnuarm~1/102020~1/bin/../lib/gcc/arm-none-eabi/10.2.1/../../../../arm-none-eabi/lib/thumb/v7e-m/nofp\libg.a(lib_a-lock.o)
 .debug_frame   0x00001c20       0x34 c:/progra~2/gnuarm~1/102020~1/bin/../lib/gcc/arm-none-eabi/10.2.1/../../../../arm-none-eabi/lib/thumb/v7e-m/nofp\libg.a(lib_a-__atexit.o)

.debug_loc      0x00000000     0x9ab4
 .debug_loc     0x00000000      0x13c CMakeFiles/GPSLogger2.elf.dir/Core/Src/stm32f3xx_hal_msp.c.obj
 .debug_loc     0x0000013c      0x123 CMakeFiles/GPSLogger2.elf.dir/Core/Src/system_stm32f3xx.c.obj
 .debug_loc     0x0000025f      0x141 CMakeFiles/GPSLogger2.elf.dir/Drivers/STM32F3xx_HAL_Driver/Src/stm32f3xx_hal.c.obj
 .debug_loc     0x000003a0      0x71f CMakeFiles/GPSLogger2.elf.dir/Drivers/STM32F3xx_HAL_Driver/Src/stm32f3xx_hal_cortex.c.obj
 .debug_loc     0x00000abf      0x7f8 CMakeFiles/GPSLogger2.elf.dir/Drivers/STM32F3xx_HAL_Driver/Src/stm32f3xx_hal_dma.c.obj
 .debug_loc     0x000012b7      0x3a7 CMakeFiles/GPSLogger2.elf.dir/Drivers/STM32F3xx_HAL_Driver/Src/stm32f3xx_hal_gpio.c.obj
 .debug_loc     0x0000165e     0x4517 CMakeFiles/GPSLogger2.elf.dir/Drivers/STM32F3xx_HAL_Driver/Src/stm32f3xx_hal_i2c.c.obj
 .debug_loc     0x00005b75      0x202 CMakeFiles/GPSLogger2.elf.dir/Drivers/STM32F3xx_HAL_Driver/Src/stm32f3xx_hal_i2c_ex.c.obj
 .debug_loc     0x00005d77      0xe0d CMakeFiles/GPSLogger2.elf.dir/Drivers/STM32F3xx_HAL_Driver/Src/stm32f3xx_hal_rcc.c.obj
 .debug_loc     0x00006b84      0x9c0 CMakeFiles/GPSLogger2.elf.dir/Drivers/STM32F3xx_HAL_Driver/Src/stm32f3xx_hal_rcc_ex.c.obj
 .debug_loc     0x00007544     0x1d34 CMakeFiles/GPSLogger2.elf.dir/Drivers/STM32F3xx_HAL_Driver/Src/stm32f3xx_hal_uart.c.obj
 .debug_loc     0x00009278      0x83c CMakeFiles/GPSLogger2.elf.dir/Drivers/STM32F3xx_HAL_Driver/Src/stm32f3xx_hal_uart_ex.c.obj
